15:38:40 **** Build of project oled_test_bsp ****
make -k all 
Running Make include in ps7_cortexa9_0/libsrc/ddrps_v1_0/src
make -C ps7_cortexa9_0/libsrc/ddrps_v1_0/src -s include  "SHELL=/bin/sh" "COMPILER=arm-none-eabi-gcc" "ARCHIVER=arm-none-eabi-ar" "COMPILER_FLAGS=  -O2 -c" "EXTRA_COMPILER_FLAGS=-mcpu=cortex-a9 -mfpu=vfpv3 -mfloat-abi=hard -nostartfiles -g -Wall -Wextra"
Running Make include in ps7_cortexa9_0/libsrc/dmaps_v2_4/src
make -C ps7_cortexa9_0/libsrc/dmaps_v2_4/src -s include  "SHELL=/bin/sh" "COMPILER=arm-none-eabi-gcc" "ARCHIVER=arm-none-eabi-ar" "COMPILER_FLAGS=  -O2 -c" "EXTRA_COMPILER_FLAGS=-mcpu=cortex-a9 -mfpu=vfpv3 -mfloat-abi=hard -nostartfiles -g -Wall -Wextra"
Running Make include in ps7_cortexa9_0/libsrc/cpu_cortexa9_v2_7/src
make -C ps7_cortexa9_0/libsrc/cpu_cortexa9_v2_7/src -s include  "SHELL=/bin/sh" "COMPILER=arm-none-eabi-gcc" "ARCHIVER=arm-none-eabi-ar" "COMPILER_FLAGS=  -O2 -c" "EXTRA_COMPILER_FLAGS=-mcpu=cortex-a9 -mfpu=vfpv3 -mfloat-abi=hard -nostartfiles -g -Wall -Wextra"
Running Make include in ps7_cortexa9_0/libsrc/scugic_v4_0/src
make -C ps7_cortexa9_0/libsrc/scugic_v4_0/src -s include  "SHELL=/bin/sh" "COMPILER=arm-none-eabi-gcc" "ARCHIVER=arm-none-eabi-ar" "COMPILER_FLAGS=  -O2 -c" "EXTRA_COMPILER_FLAGS=-mcpu=cortex-a9 -mfpu=vfpv3 -mfloat-abi=hard -nostartfiles -g -Wall -Wextra"
Running Make include in ps7_cortexa9_0/libsrc/emacps_v3_9/src
make -C ps7_cortexa9_0/libsrc/emacps_v3_9/src -s include  "SHELL=/bin/sh" "COMPILER=arm-none-eabi-gcc" "ARCHIVER=arm-none-eabi-ar" "COMPILER_FLAGS=  -O2 -c" "EXTRA_COMPILER_FLAGS=-mcpu=cortex-a9 -mfpu=vfpv3 -mfloat-abi=hard -nostartfiles -g -Wall -Wextra"
Running Make include in ps7_cortexa9_0/libsrc/ttcps_v3_9/src
make -C ps7_cortexa9_0/libsrc/ttcps_v3_9/src -s include  "SHELL=/bin/sh" "COMPILER=arm-none-eabi-gcc" "ARCHIVER=arm-none-eabi-ar" "COMPILER_FLAGS=  -O2 -c" "EXTRA_COMPILER_FLAGS=-mcpu=cortex-a9 -mfpu=vfpv3 -mfloat-abi=hard -nostartfiles -g -Wall -Wextra"
Running Make include in ps7_cortexa9_0/libsrc/gpiops_v3_5/src
make -C ps7_cortexa9_0/libsrc/gpiops_v3_5/src -s include  "SHELL=/bin/sh" "COMPILER=arm-none-eabi-gcc" "ARCHIVER=arm-none-eabi-ar" "COMPILER_FLAGS=  -O2 -c" "EXTRA_COMPILER_FLAGS=-mcpu=cortex-a9 -mfpu=vfpv3 -mfloat-abi=hard -nostartfiles -g -Wall -Wextra"
Running Make include in ps7_cortexa9_0/libsrc/standalone_v7_0/src
make -C ps7_cortexa9_0/libsrc/standalone_v7_0/src -s include  "SHELL=/bin/sh" "COMPILER=arm-none-eabi-gcc" "ARCHIVER=arm-none-eabi-ar" "COMPILER_FLAGS=  -O2 -c" "EXTRA_COMPILER_FLAGS=-mcpu=cortex-a9 -mfpu=vfpv3 -mfloat-abi=hard -nostartfiles -g -Wall -Wextra"
Running Make include in ps7_cortexa9_0/libsrc/qspips_v3_6/src
make -C ps7_cortexa9_0/libsrc/qspips_v3_6/src -s include  "SHELL=/bin/sh" "COMPILER=arm-none-eabi-gcc" "ARCHIVER=arm-none-eabi-ar" "COMPILER_FLAGS=  -O2 -c" "EXTRA_COMPILER_FLAGS=-mcpu=cortex-a9 -mfpu=vfpv3 -mfloat-abi=hard -nostartfiles -g -Wall -Wextra"
Running Make include in ps7_cortexa9_0/libsrc/xadcps_v2_3/src
make -C ps7_cortexa9_0/libsrc/xadcps_v2_3/src -s include  "SHELL=/bin/sh" "COMPILER=arm-none-eabi-gcc" "ARCHIVER=arm-none-eabi-ar" "COMPILER_FLAGS=  -O2 -c" "EXTRA_COMPILER_FLAGS=-mcpu=cortex-a9 -mfpu=vfpv3 -mfloat-abi=hard -nostartfiles -g -Wall -Wextra"
Running Make include in ps7_cortexa9_0/libsrc/sdps_v3_7/src
make -C ps7_cortexa9_0/libsrc/sdps_v3_7/src -s include  "SHELL=/bin/sh" "COMPILER=arm-none-eabi-gcc" "ARCHIVER=arm-none-eabi-ar" "COMPILER_FLAGS=  -O2 -c" "EXTRA_COMPILER_FLAGS=-mcpu=cortex-a9 -mfpu=vfpv3 -mfloat-abi=hard -nostartfiles -g -Wall -Wextra"
Running Make include in ps7_cortexa9_0/libsrc/devcfg_v3_5/src
make -C ps7_cortexa9_0/libsrc/devcfg_v3_5/src -s include  "SHELL=/bin/sh" "COMPILER=arm-none-eabi-gcc" "ARCHIVER=arm-none-eabi-ar" "COMPILER_FLAGS=  -O2 -c" "EXTRA_COMPILER_FLAGS=-mcpu=cortex-a9 -mfpu=vfpv3 -mfloat-abi=hard -nostartfiles -g -Wall -Wextra"
Running Make include in ps7_cortexa9_0/libsrc/scuwdt_v2_1/src
make -C ps7_cortexa9_0/libsrc/scuwdt_v2_1/src -s include  "SHELL=/bin/sh" "COMPILER=arm-none-eabi-gcc" "ARCHIVER=arm-none-eabi-ar" "COMPILER_FLAGS=  -O2 -c" "EXTRA_COMPILER_FLAGS=-mcpu=cortex-a9 -mfpu=vfpv3 -mfloat-abi=hard -nostartfiles -g -Wall -Wextra"
Running Make include in ps7_cortexa9_0/libsrc/ZedboardOLED_v1_0/src
make -C ps7_cortexa9_0/libsrc/ZedboardOLED_v1_0/src -s include  "SHELL=/bin/sh" "COMPILER=arm-none-eabi-gcc" "ARCHIVER=arm-none-eabi-ar" "COMPILER_FLAGS=  -O2 -c" "EXTRA_COMPILER_FLAGS=-mcpu=cortex-a9 -mfpu=vfpv3 -mfloat-abi=hard -nostartfiles -g -Wall -Wextra"
Running Make include in ps7_cortexa9_0/libsrc/uartps_v3_7/src
make -C ps7_cortexa9_0/libsrc/uartps_v3_7/src -s include  "SHELL=/bin/sh" "COMPILER=arm-none-eabi-gcc" "ARCHIVER=arm-none-eabi-ar" "COMPILER_FLAGS=  -O2 -c" "EXTRA_COMPILER_FLAGS=-mcpu=cortex-a9 -mfpu=vfpv3 -mfloat-abi=hard -nostartfiles -g -Wall -Wextra"
Running Make include in ps7_cortexa9_0/libsrc/usbps_v2_4/src
make -C ps7_cortexa9_0/libsrc/usbps_v2_4/src -s include  "SHELL=/bin/sh" "COMPILER=arm-none-eabi-gcc" "ARCHIVER=arm-none-eabi-ar" "COMPILER_FLAGS=  -O2 -c" "EXTRA_COMPILER_FLAGS=-mcpu=cortex-a9 -mfpu=vfpv3 -mfloat-abi=hard -nostartfiles -g -Wall -Wextra"
arm-none-eabi-ar: creating ../../../lib/libxil.a
Running Make include in ps7_cortexa9_0/libsrc/scutimer_v2_1/src
make -C ps7_cortexa9_0/libsrc/scutimer_v2_1/src -s include  "SHELL=/bin/sh" "COMPILER=arm-none-eabi-gcc" "ARCHIVER=arm-none-eabi-ar" "COMPILER_FLAGS=  -O2 -c" "EXTRA_COMPILER_FLAGS=-mcpu=cortex-a9 -mfpu=vfpv3 -mfloat-abi=hard -nostartfiles -g -Wall -Wextra"
Running Make include in ps7_cortexa9_0/libsrc/coresightps_dcc_v1_5/src
make -C ps7_cortexa9_0/libsrc/coresightps_dcc_v1_5/src -s include  "SHELL=/bin/sh" "COMPILER=arm-none-eabi-gcc" "ARCHIVER=arm-none-eabi-ar" "COMPILER_FLAGS=  -O2 -c" "EXTRA_COMPILER_FLAGS=-mcpu=cortex-a9 -mfpu=vfpv3 -mfloat-abi=hard -nostartfiles -g -Wall -Wextra"
Running Make libs in ps7_cortexa9_0/libsrc/ddrps_v1_0/src
make -C ps7_cortexa9_0/libsrc/ddrps_v1_0/src -s libs  "SHELL=/bin/sh" "COMPILER=arm-none-eabi-gcc" "ARCHIVER=arm-none-eabi-ar" "COMPILER_FLAGS=  -O2 -c" "EXTRA_COMPILER_FLAGS=-mcpu=cortex-a9 -mfpu=vfpv3 -mfloat-abi=hard -nostartfiles -g -Wall -Wextra"
Compiling ddrps
Running Make libs in ps7_cortexa9_0/libsrc/dmaps_v2_4/src
make -C ps7_cortexa9_0/libsrc/dmaps_v2_4/src -s libs  "SHELL=/bin/sh" "COMPILER=arm-none-eabi-gcc" "ARCHIVER=arm-none-eabi-ar" "COMPILER_FLAGS=  -O2 -c" "EXTRA_COMPILER_FLAGS=-mcpu=cortex-a9 -mfpu=vfpv3 -mfloat-abi=hard -nostartfiles -g -Wall -Wextra"
Compiling dmaps
Running Make libs in ps7_cortexa9_0/libsrc/cpu_cortexa9_v2_7/src
make -C ps7_cortexa9_0/libsrc/cpu_cortexa9_v2_7/src -s libs  "SHELL=/bin/sh" "COMPILER=arm-none-eabi-gcc" "ARCHIVER=arm-none-eabi-ar" "COMPILER_FLAGS=  -O2 -c" "EXTRA_COMPILER_FLAGS=-mcpu=cortex-a9 -mfpu=vfpv3 -mfloat-abi=hard -nostartfiles -g -Wall -Wextra"
Compiling cpu_cortexa9
Running Make libs in ps7_cortexa9_0/libsrc/scugic_v4_0/src
make -C ps7_cortexa9_0/libsrc/scugic_v4_0/src -s libs  "SHELL=/bin/sh" "COMPILER=arm-none-eabi-gcc" "ARCHIVER=arm-none-eabi-ar" "COMPILER_FLAGS=  -O2 -c" "EXTRA_COMPILER_FLAGS=-mcpu=cortex-a9 -mfpu=vfpv3 -mfloat-abi=hard -nostartfiles -g -Wall -Wextra"
Compiling scugic
Running Make libs in ps7_cortexa9_0/libsrc/emacps_v3_9/src
make -C ps7_cortexa9_0/libsrc/emacps_v3_9/src -s libs  "SHELL=/bin/sh" "COMPILER=arm-none-eabi-gcc" "ARCHIVER=arm-none-eabi-ar" "COMPILER_FLAGS=  -O2 -c" "EXTRA_COMPILER_FLAGS=-mcpu=cortex-a9 -mfpu=vfpv3 -mfloat-abi=hard -nostartfiles -g -Wall -Wextra"
Compiling emacps
Running Make libs in ps7_cortexa9_0/libsrc/ttcps_v3_9/src
make -C ps7_cortexa9_0/libsrc/ttcps_v3_9/src -s libs  "SHELL=/bin/sh" "COMPILER=arm-none-eabi-gcc" "ARCHIVER=arm-none-eabi-ar" "COMPILER_FLAGS=  -O2 -c" "EXTRA_COMPILER_FLAGS=-mcpu=cortex-a9 -mfpu=vfpv3 -mfloat-abi=hard -nostartfiles -g -Wall -Wextra"
Compiling ttcps
Running Make libs in ps7_cortexa9_0/libsrc/gpiops_v3_5/src
make -C ps7_cortexa9_0/libsrc/gpiops_v3_5/src -s libs  "SHELL=/bin/sh" "COMPILER=arm-none-eabi-gcc" "ARCHIVER=arm-none-eabi-ar" "COMPILER_FLAGS=  -O2 -c" "EXTRA_COMPILER_FLAGS=-mcpu=cortex-a9 -mfpu=vfpv3 -mfloat-abi=hard -nostartfiles -g -Wall -Wextra"
Compiling gpiops
Running Make libs in ps7_cortexa9_0/libsrc/standalone_v7_0/src
make -C ps7_cortexa9_0/libsrc/standalone_v7_0/src -s libs  "SHELL=/bin/sh" "COMPILER=arm-none-eabi-gcc" "ARCHIVER=arm-none-eabi-ar" "COMPILER_FLAGS=  -O2 -c" "EXTRA_COMPILER_FLAGS=-mcpu=cortex-a9 -mfpu=vfpv3 -mfloat-abi=hard -nostartfiles -g -Wall -Wextra"
Compiling standalone
In file included from sleep.c:53:
xtime_l.h:87:9: note: #pragma message: For the sleep routines, Global timer is being used
 #pragma message ("For the sleep routines, Global timer is being used")
         ^~~~~~~
In file included from xtime_l.c:49:
xtime_l.h:87:9: note: #pragma message: For the sleep routines, Global timer is being used
 #pragma message ("For the sleep routines, Global timer is being used")
         ^~~~~~~
In file included from xil_sleeptimer.c:51:
xtime_l.h:87:9: note: #pragma message: For the sleep routines, Global timer is being used
 #pragma message ("For the sleep routines, Global timer is being used")
         ^~~~~~~
In file included from usleep.c:56:
xtime_l.h:87:9: note: #pragma message: For the sleep routines, Global timer is being used
 #pragma message ("For the sleep routines, Global timer is being used")
         ^~~~~~~
Running Make libs in ps7_cortexa9_0/libsrc/qspips_v3_6/src
make -C ps7_cortexa9_0/libsrc/qspips_v3_6/src -s libs  "SHELL=/bin/sh" "COMPILER=arm-none-eabi-gcc" "ARCHIVER=arm-none-eabi-ar" "COMPILER_FLAGS=  -O2 -c" "EXTRA_COMPILER_FLAGS=-mcpu=cortex-a9 -mfpu=vfpv3 -mfloat-abi=hard -nostartfiles -g -Wall -Wextra"
Compiling qspips
Running Make libs in ps7_cortexa9_0/libsrc/xadcps_v2_3/src
make -C ps7_cortexa9_0/libsrc/xadcps_v2_3/src -s libs  "SHELL=/bin/sh" "COMPILER=arm-none-eabi-gcc" "ARCHIVER=arm-none-eabi-ar" "COMPILER_FLAGS=  -O2 -c" "EXTRA_COMPILER_FLAGS=-mcpu=cortex-a9 -mfpu=vfpv3 -mfloat-abi=hard -nostartfiles -g -Wall -Wextra"
Compiling xadcps
Running Make libs in ps7_cortexa9_0/libsrc/sdps_v3_7/src
make -C ps7_cortexa9_0/libsrc/sdps_v3_7/src -s libs  "SHELL=/bin/sh" "COMPILER=arm-none-eabi-gcc" "ARCHIVER=arm-none-eabi-ar" "COMPILER_FLAGS=  -O2 -c" "EXTRA_COMPILER_FLAGS=-mcpu=cortex-a9 -mfpu=vfpv3 -mfloat-abi=hard -nostartfiles -g -Wall -Wextra"
Compiling sdps
Running Make libs in ps7_cortexa9_0/libsrc/devcfg_v3_5/src
make -C ps7_cortexa9_0/libsrc/devcfg_v3_5/src -s libs  "SHELL=/bin/sh" "COMPILER=arm-none-eabi-gcc" "ARCHIVER=arm-none-eabi-ar" "COMPILER_FLAGS=  -O2 -c" "EXTRA_COMPILER_FLAGS=-mcpu=cortex-a9 -mfpu=vfpv3 -mfloat-abi=hard -nostartfiles -g -Wall -Wextra"
Compiling devcfg
Running Make libs in ps7_cortexa9_0/libsrc/scuwdt_v2_1/src
make -C ps7_cortexa9_0/libsrc/scuwdt_v2_1/src -s libs  "SHELL=/bin/sh" "COMPILER=arm-none-eabi-gcc" "ARCHIVER=arm-none-eabi-ar" "COMPILER_FLAGS=  -O2 -c" "EXTRA_COMPILER_FLAGS=-mcpu=cortex-a9 -mfpu=vfpv3 -mfloat-abi=hard -nostartfiles -g -Wall -Wextra"
Compiling scuwdt
Running Make libs in ps7_cortexa9_0/libsrc/ZedboardOLED_v1_0/src
make -C ps7_cortexa9_0/libsrc/ZedboardOLED_v1_0/src -s libs  "SHELL=/bin/sh" "COMPILER=arm-none-eabi-gcc" "ARCHIVER=arm-none-eabi-ar" "COMPILER_FLAGS=  -O2 -c" "EXTRA_COMPILER_FLAGS=-mcpu=cortex-a9 -mfpu=vfpv3 -mfloat-abi=hard -nostartfiles -g -Wall -Wextra"
Compiling ZedboardOLED...
Running Make libs in ps7_cortexa9_0/libsrc/uartps_v3_7/src
make -C ps7_cortexa9_0/libsrc/uartps_v3_7/src -s libs  "SHELL=/bin/sh" "COMPILER=arm-none-eabi-gcc" "ARCHIVER=arm-none-eabi-ar" "COMPILER_FLAGS=  -O2 -c" "EXTRA_COMPILER_FLAGS=-mcpu=cortex-a9 -mfpu=vfpv3 -mfloat-abi=hard -nostartfiles -g -Wall -Wextra"
Compiling uartps
Running Make libs in ps7_cortexa9_0/libsrc/usbps_v2_4/src
make -C ps7_cortexa9_0/libsrc/usbps_v2_4/src -s libs  "SHELL=/bin/sh" "COMPILER=arm-none-eabi-gcc" "ARCHIVER=arm-none-eabi-ar" "COMPILER_FLAGS=  -O2 -c" "EXTRA_COMPILER_FLAGS=-mcpu=cortex-a9 -mfpu=vfpv3 -mfloat-abi=hard -nostartfiles -g -Wall -Wextra"
Compiling usbps
Running Make libs in ps7_cortexa9_0/libsrc/scutimer_v2_1/src
make -C ps7_cortexa9_0/libsrc/scutimer_v2_1/src -s libs  "SHELL=/bin/sh" "COMPILER=arm-none-eabi-gcc" "ARCHIVER=arm-none-eabi-ar" "COMPILER_FLAGS=  -O2 -c" "EXTRA_COMPILER_FLAGS=-mcpu=cortex-a9 -mfpu=vfpv3 -mfloat-abi=hard -nostartfiles -g -Wall -Wextra"
Compiling scutimer
Running Make libs in ps7_cortexa9_0/libsrc/coresightps_dcc_v1_5/src
make -C ps7_cortexa9_0/libsrc/coresightps_dcc_v1_5/src -s libs  "SHELL=/bin/sh" "COMPILER=arm-none-eabi-gcc" "ARCHIVER=arm-none-eabi-ar" "COMPILER_FLAGS=  -O2 -c" "EXTRA_COMPILER_FLAGS=-mcpu=cortex-a9 -mfpu=vfpv3 -mfloat-abi=hard -nostartfiles -g -Wall -Wextra"
Compiling coresightps_dcc
Finished building libraries
15:38:50 **** Build of configuration Debug for project oled_test ****
make pre-build main-build 
a9-linaro-pre-build-step
 
Building file: ../src/helloworld.c
Invoking: ARM v7 gcc compiler
arm-none-eabi-gcc -Wall -O0 -g3 -c -fmessage-length=0 -MT"src/helloworld.o" -mcpu=cortex-a9 -mfpu=vfpv3 -mfloat-abi=hard -I../../oled_test_bsp/ps7_cortexa9_0/include -MMD -MP -MF"src/helloworld.d" -MT"src/helloworld.o" -o "src/helloworld.o" "../src/helloworld.c"
Finished building: ../src/helloworld.c
 
Building file: ../src/platform.c
Invoking: ARM v7 gcc compiler
arm-none-eabi-gcc -Wall -O0 -g3 -c -fmessage-length=0 -MT"src/platform.o" -mcpu=cortex-a9 -mfpu=vfpv3 -mfloat-abi=hard -I../../oled_test_bsp/ps7_cortexa9_0/include -MMD -MP -MF"src/platform.d" -MT"src/platform.o" -o "src/platform.o" "../src/platform.c"
Finished building: ../src/platform.c
 
Building target: oled_test.elf
Invoking: ARM v7 gcc linker
arm-none-eabi-gcc -mcpu=cortex-a9 -mfpu=vfpv3 -mfloat-abi=hard -Wl,-build-id=none -specs=Xilinx.spec -Wl,-T -Wl,../src/lscript.ld -L../../oled_test_bsp/ps7_cortexa9_0/lib -o "oled_test.elf"  ./src/helloworld.o ./src/platform.o   -Wl,--start-group,-lxil,-lgcc,-lc,--end-group
Finished building target: oled_test.elf
 
Invoking: ARM v7 Print Size
arm-none-eabi-size oled_test.elf  |tee "oled_test.elf.size"
   text	   data	    bss	    dec	    hex	filename
  19064	   1144	  22568	  42776	   a718	oled_test.elf
Finished building: oled_test.elf.size
 
15:41:15 **** Auto Build of configuration Debug for project oled_test ****
make pre-build main-build 
a9-linaro-pre-build-step
 
Building file: ../src/oled_test.c
Invoking: ARM v7 gcc compiler
arm-none-eabi-gcc -Wall -O0 -g3 -c -fmessage-length=0 -MT"src/oled_test.o" -mcpu=cortex-a9 -mfpu=vfpv3 -mfloat-abi=hard -I../../oled_test_bsp/ps7_cortexa9_0/include -MMD -MP -MF"src/oled_test.d" -MT"src/oled_test.o" -o "src/oled_test.o" "../src/oled_test.c"
Finished building: ../src/oled_test.c
 
Building target: oled_test.elf
Invoking: ARM v7 gcc linker
arm-none-eabi-gcc -mcpu=cortex-a9 -mfpu=vfpv3 -mfloat-abi=hard -Wl,-build-id=none -specs=Xilinx.spec -Wl,-T -Wl,../src/lscript.ld -L../../oled_test_bsp/ps7_cortexa9_0/lib -o "oled_test.elf"  ./src/helloworld.o ./src/oled_test.o ./src/platform.o   -Wl,--start-group,-lxil,-lgcc,-lc,--end-group
Finished building target: oled_test.elf
 
Invoking: ARM v7 Print Size
arm-none-eabi-size oled_test.elf  |tee "oled_test.elf.size"
   text	   data	    bss	    dec	    hex	filename
  19064	   1144	  22568	  42776	   a718	oled_test.elf
Finished building: oled_test.elf.size
 
15:42:50 **** Auto Build of configuration Debug for project oled_test ****
make pre-build main-build 
a9-linaro-pre-build-step
 
Building file: ../src/oled_test.c
Invoking: ARM v7 gcc compiler
arm-none-eabi-gcc -Wall -O0 -g3 -c -fmessage-length=0 -MT"src/oled_test.o" -mcpu=cortex-a9 -mfpu=vfpv3 -mfloat-abi=hard -I../../oled_test_bsp/ps7_cortexa9_0/include -MMD -MP -MF"src/oled_test.d" -MT"src/oled_test.o" -o "src/oled_test.o" "../src/oled_test.c"
../src/oled_test.c: In function 'main':
../src/oled_test.c:2:1: warning: implicit declaration of function 'clear' [-Wimplicit-function-declaration]
 clear();
 ^~~~~
../src/oled_test.c:3:1: warning: implicit declaration of function 'print_message' [-Wimplicit-function-declaration]
 print_message("Knock knock",0);
 ^~~~~~~~~~~~~
Finished building: ../src/oled_test.c
 
Building target: oled_test.elf
Invoking: ARM v7 gcc linker
arm-none-eabi-gcc -mcpu=cortex-a9 -mfpu=vfpv3 -mfloat-abi=hard -Wl,-build-id=none -specs=Xilinx.spec -Wl,-T -Wl,../src/lscript.ld -L../../oled_test_bsp/ps7_cortexa9_0/lib -o "oled_test.elf"  ./src/helloworld.o ./src/oled_test.o ./src/platform.o   -Wl,--start-group,-lxil,-lgcc,-lc,--end-group
/opt/xilinx/SDK/2019.1/gnu/aarch32/lin/gcc-arm-none-eabi/bin/../lib/gcc/arm-none-eabi/8.2.0/../../../../arm-none-eabi/bin/ld: ./src/oled_test.o: in function `main':
/afs/ee.cooper.edu/user/a/alvee.ahmed/aahmed_oled/aahmed_oled.sdk/oled_test/Debug/../src/oled_test.c:1: multiple definition of `main'; ./src/helloworld.o:/afs/ee.cooper.edu/user/a/alvee.ahmed/aahmed_oled/aahmed_oled.sdk/oled_test/Debug/../src/helloworld.c:54: first defined here
collect2: error: ld returned 1 exit status
make: *** [makefile:41: oled_test.elf] Error 1
15:48:09 **** Auto Build of configuration Debug for project oled_test ****
make pre-build main-build 
a9-linaro-pre-build-step
 
Building file: ../src/oled_test.c
Invoking: ARM v7 gcc compiler
arm-none-eabi-gcc -Wall -O0 -g3 -c -fmessage-length=0 -MT"src/oled_test.o" -mcpu=cortex-a9 -mfpu=vfpv3 -mfloat-abi=hard -I../../oled_test_bsp/ps7_cortexa9_0/include -MMD -MP -MF"src/oled_test.d" -MT"src/oled_test.o" -o "src/oled_test.o" "../src/oled_test.c"
../src/oled_test.c: In function 'main':
../src/oled_test.c:3:2: warning: implicit declaration of function 'print_message' [-Wimplicit-function-declaration]
  print_message("Who's there?",2);
  ^~~~~~~~~~~~~
Finished building: ../src/oled_test.c
 
Building target: oled_test.elf
Invoking: ARM v7 gcc linker
arm-none-eabi-gcc -mcpu=cortex-a9 -mfpu=vfpv3 -mfloat-abi=hard -Wl,-build-id=none -specs=Xilinx.spec -Wl,-T -Wl,../src/lscript.ld -L../../oled_test_bsp/ps7_cortexa9_0/lib -o "oled_test.elf"  ./src/helloworld.o ./src/oled_test.o ./src/platform.o   -Wl,--start-group,-lxil,-lgcc,-lc,--end-group
/opt/xilinx/SDK/2019.1/gnu/aarch32/lin/gcc-arm-none-eabi/bin/../lib/gcc/arm-none-eabi/8.2.0/../../../../arm-none-eabi/bin/ld: ./src/oled_test.o: in function `main':
/afs/ee.cooper.edu/user/a/alvee.ahmed/aahmed_oled/aahmed_oled.sdk/oled_test/Debug/../src/oled_test.c:1: multiple definition of `main'; ./src/helloworld.o:/afs/ee.cooper.edu/user/a/alvee.ahmed/aahmed_oled/aahmed_oled.sdk/oled_test/Debug/../src/helloworld.c:54: first defined here
collect2: error: ld returned 1 exit status
make: *** [makefile:41: oled_test.elf] Error 1
15:48:20 **** Auto Build of configuration Debug for project oled_test ****
make pre-build main-build 
a9-linaro-pre-build-step
 
Building file: ../src/oled_test.c
Invoking: ARM v7 gcc compiler
arm-none-eabi-gcc -Wall -O0 -g3 -c -fmessage-length=0 -MT"src/oled_test.o" -mcpu=cortex-a9 -mfpu=vfpv3 -mfloat-abi=hard -I../../oled_test_bsp/ps7_cortexa9_0/include -MMD -MP -MF"src/oled_test.d" -MT"src/oled_test.o" -o "src/oled_test.o" "../src/oled_test.c"
../src/oled_test.c: In function 'main':
../src/oled_test.c:2:2: warning: implicit declaration of function 'clear' [-Wimplicit-function-declaration]
  clear();
  ^~~~~
../src/oled_test.c:3:2: warning: implicit declaration of function 'print_message' [-Wimplicit-function-declaration]
  print_message("Knock knock",0);
  ^~~~~~~~~~~~~
Finished building: ../src/oled_test.c
 
Building target: oled_test.elf
Invoking: ARM v7 gcc linker
arm-none-eabi-gcc -mcpu=cortex-a9 -mfpu=vfpv3 -mfloat-abi=hard -Wl,-build-id=none -specs=Xilinx.spec -Wl,-T -Wl,../src/lscript.ld -L../../oled_test_bsp/ps7_cortexa9_0/lib -o "oled_test.elf"  ./src/helloworld.o ./src/oled_test.o ./src/platform.o   -Wl,--start-group,-lxil,-lgcc,-lc,--end-group
/opt/xilinx/SDK/2019.1/gnu/aarch32/lin/gcc-arm-none-eabi/bin/../lib/gcc/arm-none-eabi/8.2.0/../../../../arm-none-eabi/bin/ld: ./src/oled_test.o: in function `main':
/afs/ee.cooper.edu/user/a/alvee.ahmed/aahmed_oled/aahmed_oled.sdk/oled_test/Debug/../src/oled_test.c:1: multiple definition of `main'; ./src/helloworld.o:/afs/ee.cooper.edu/user/a/alvee.ahmed/aahmed_oled/aahmed_oled.sdk/oled_test/Debug/../src/helloworld.c:54: first defined here
collect2: error: ld returned 1 exit status
make: *** [makefile:41: oled_test.elf] Error 1
15:48:55 **** Auto Build of configuration Debug for project oled_test ****
make pre-build main-build 
a9-linaro-pre-build-step
 
Building file: ../src/oled_test.c
Invoking: ARM v7 gcc compiler
arm-none-eabi-gcc -Wall -O0 -g3 -c -fmessage-length=0 -MT"src/oled_test.o" -mcpu=cortex-a9 -mfpu=vfpv3 -mfloat-abi=hard -I../../oled_test_bsp/ps7_cortexa9_0/include -MMD -MP -MF"src/oled_test.d" -MT"src/oled_test.o" -o "src/oled_test.o" "../src/oled_test.c"
../src/oled_test.c: In function 'main':
../src/oled_test.c:2:1: warning: implicit declaration of function 'clear' [-Wimplicit-function-declaration]
 clear();
 ^~~~~
../src/oled_test.c:3:1: warning: implicit declaration of function 'print_message' [-Wimplicit-function-declaration]
 print_message("Texas A&M Qatar",0);
 ^~~~~~~~~~~~~
Finished building: ../src/oled_test.c
 
Building target: oled_test.elf
Invoking: ARM v7 gcc linker
arm-none-eabi-gcc -mcpu=cortex-a9 -mfpu=vfpv3 -mfloat-abi=hard -Wl,-build-id=none -specs=Xilinx.spec -Wl,-T -Wl,../src/lscript.ld -L../../oled_test_bsp/ps7_cortexa9_0/lib -o "oled_test.elf"  ./src/helloworld.o ./src/oled_test.o ./src/platform.o   -Wl,--start-group,-lxil,-lgcc,-lc,--end-group
/opt/xilinx/SDK/2019.1/gnu/aarch32/lin/gcc-arm-none-eabi/bin/../lib/gcc/arm-none-eabi/8.2.0/../../../../arm-none-eabi/bin/ld: ./src/oled_test.o: in function `main':
/afs/ee.cooper.edu/user/a/alvee.ahmed/aahmed_oled/aahmed_oled.sdk/oled_test/Debug/../src/oled_test.c:1: multiple definition of `main'; ./src/helloworld.o:/afs/ee.cooper.edu/user/a/alvee.ahmed/aahmed_oled/aahmed_oled.sdk/oled_test/Debug/../src/helloworld.c:54: first defined here
collect2: error: ld returned 1 exit status
make: *** [makefile:41: oled_test.elf] Error 1
15:50:06 **** Auto Build of configuration Debug for project oled_test ****
make pre-build main-build 
a9-linaro-pre-build-step
 
Building file: ../src/oled_test.c
Invoking: ARM v7 gcc compiler
arm-none-eabi-gcc -Wall -O0 -g3 -c -fmessage-length=0 -MT"src/oled_test.o" -mcpu=cortex-a9 -mfpu=vfpv3 -mfloat-abi=hard -I../../oled_test_bsp/ps7_cortexa9_0/include -MMD -MP -MF"src/oled_test.d" -MT"src/oled_test.o" -o "src/oled_test.o" "../src/oled_test.c"
../src/oled_test.c: In function 'main':
../src/oled_test.c:2:2: warning: implicit declaration of function 'clear' [-Wimplicit-function-declaration]
  clear();
  ^~~~~
../src/oled_test.c:3:2: warning: implicit declaration of function 'print_message' [-Wimplicit-function-declaration]
  print_message("Knock knock",0);
  ^~~~~~~~~~~~~
Finished building: ../src/oled_test.c
 
Building target: oled_test.elf
Invoking: ARM v7 gcc linker
arm-none-eabi-gcc -mcpu=cortex-a9 -mfpu=vfpv3 -mfloat-abi=hard -Wl,-build-id=none -specs=Xilinx.spec -Wl,-T -Wl,../src/lscript.ld -L../../oled_test_bsp/ps7_cortexa9_0/lib -o "oled_test.elf"  ./src/helloworld.o ./src/oled_test.o ./src/platform.o   -Wl,--start-group,-lxil,-lgcc,-lc,--end-group
/opt/xilinx/SDK/2019.1/gnu/aarch32/lin/gcc-arm-none-eabi/bin/../lib/gcc/arm-none-eabi/8.2.0/../../../../arm-none-eabi/bin/ld: ./src/oled_test.o: in function `main':
/afs/ee.cooper.edu/user/a/alvee.ahmed/aahmed_oled/aahmed_oled.sdk/oled_test/Debug/../src/oled_test.c:1: multiple definition of `main'; ./src/helloworld.o:/afs/ee.cooper.edu/user/a/alvee.ahmed/aahmed_oled/aahmed_oled.sdk/oled_test/Debug/../src/helloworld.c:54: first defined here
collect2: error: ld returned 1 exit status
make: *** [makefile:41: oled_test.elf] Error 1
15:50:48 **** Auto Build of configuration Debug for project oled_test ****
make pre-build main-build 
a9-linaro-pre-build-step
 
Building file: ../src/oled_test.c
Invoking: ARM v7 gcc compiler
arm-none-eabi-gcc -Wall -O0 -g3 -c -fmessage-length=0 -MT"src/oled_test.o" -mcpu=cortex-a9 -mfpu=vfpv3 -mfloat-abi=hard -I../../oled_test_bsp/ps7_cortexa9_0/include -MMD -MP -MF"src/oled_test.d" -MT"src/oled_test.o" -o "src/oled_test.o" "../src/oled_test.c"
../src/oled_test.c: In function 'main':
../src/oled_test.c:8:1: warning: implicit declaration of function 'clear' [-Wimplicit-function-declaration]
 clear();
 ^~~~~
../src/oled_test.c:9:1: warning: implicit declaration of function 'print_message' [-Wimplicit-function-declaration]
 print_message("Texas A&M Qatar",0);
 ^~~~~~~~~~~~~
Finished building: ../src/oled_test.c
 
Building target: oled_test.elf
Invoking: ARM v7 gcc linker
arm-none-eabi-gcc -mcpu=cortex-a9 -mfpu=vfpv3 -mfloat-abi=hard -Wl,-build-id=none -specs=Xilinx.spec -Wl,-T -Wl,../src/lscript.ld -L../../oled_test_bsp/ps7_cortexa9_0/lib -o "oled_test.elf"  ./src/helloworld.o ./src/oled_test.o ./src/platform.o   -Wl,--start-group,-lxil,-lgcc,-lc,--end-group
/opt/xilinx/SDK/2019.1/gnu/aarch32/lin/gcc-arm-none-eabi/bin/../lib/gcc/arm-none-eabi/8.2.0/../../../../arm-none-eabi/bin/ld: ./src/oled_test.o: in function `main':
/afs/ee.cooper.edu/user/a/alvee.ahmed/aahmed_oled/aahmed_oled.sdk/oled_test/Debug/../src/oled_test.c:7: multiple definition of `main'; ./src/helloworld.o:/afs/ee.cooper.edu/user/a/alvee.ahmed/aahmed_oled/aahmed_oled.sdk/oled_test/Debug/../src/helloworld.c:54: first defined here
collect2: error: ld returned 1 exit status
make: *** [makefile:41: oled_test.elf] Error 1
15:51:43 **** Auto Build of configuration Debug for project oled_test ****
make pre-build main-build 
a9-linaro-pre-build-step
 
Building file: ../src/oled_test.c
Invoking: ARM v7 gcc compiler
arm-none-eabi-gcc -Wall -O0 -g3 -c -fmessage-length=0 -MT"src/oled_test.o" -mcpu=cortex-a9 -mfpu=vfpv3 -mfloat-abi=hard -I../../oled_test_bsp/ps7_cortexa9_0/include -MMD -MP -MF"src/oled_test.d" -MT"src/oled_test.o" -o "src/oled_test.o" "../src/oled_test.c"
../src/oled_test.c: In function 'main':
../src/oled_test.c:2:1: warning: implicit declaration of function 'clear' [-Wimplicit-function-declaration]
 clear();
 ^~~~~
../src/oled_test.c:3:1: warning: implicit declaration of function 'print_message' [-Wimplicit-function-declaration]
 print_message("Texas A&M Qatar",0);
 ^~~~~~~~~~~~~
Finished building: ../src/oled_test.c
 
Building target: oled_test.elf
Invoking: ARM v7 gcc linker
arm-none-eabi-gcc -mcpu=cortex-a9 -mfpu=vfpv3 -mfloat-abi=hard -Wl,-build-id=none -specs=Xilinx.spec -Wl,-T -Wl,../src/lscript.ld -L../../oled_test_bsp/ps7_cortexa9_0/lib -o "oled_test.elf"  ./src/helloworld.o ./src/oled_test.o ./src/platform.o   -Wl,--start-group,-lxil,-lgcc,-lc,--end-group
/opt/xilinx/SDK/2019.1/gnu/aarch32/lin/gcc-arm-none-eabi/bin/../lib/gcc/arm-none-eabi/8.2.0/../../../../arm-none-eabi/bin/ld: ./src/oled_test.o: in function `main':
/afs/ee.cooper.edu/user/a/alvee.ahmed/aahmed_oled/aahmed_oled.sdk/oled_test/Debug/../src/oled_test.c:1: multiple definition of `main'; ./src/helloworld.o:/afs/ee.cooper.edu/user/a/alvee.ahmed/aahmed_oled/aahmed_oled.sdk/oled_test/Debug/../src/helloworld.c:54: first defined here
collect2: error: ld returned 1 exit status
make: *** [makefile:41: oled_test.elf] Error 1
15:51:55 **** Clean-only build of configuration Debug for project oled_test ****
make clean 
rm -rf  ./src/helloworld.o ./src/oled_test.o ./src/platform.o  ./src/helloworld.d ./src/oled_test.d ./src/platform.d  oled_test.elf.size  oled_test.elf
 
15:51:55 **** Clean-only build of project oled_test_bsp ****
make -k clean 
make -C ps7_cortexa9_0/libsrc/ddrps_v1_0/src -s clean 
make -C ps7_cortexa9_0/libsrc/dmaps_v2_4/src -s clean 
make -C ps7_cortexa9_0/libsrc/cpu_cortexa9_v2_7/src -s clean 
make -C ps7_cortexa9_0/libsrc/scugic_v4_0/src -s clean 
make -C ps7_cortexa9_0/libsrc/emacps_v3_9/src -s clean 
make -C ps7_cortexa9_0/libsrc/ttcps_v3_9/src -s clean 
make -C ps7_cortexa9_0/libsrc/gpiops_v3_5/src -s clean 
make -C ps7_cortexa9_0/libsrc/standalone_v7_0/src -s clean 
make -C ps7_cortexa9_0/libsrc/qspips_v3_6/src -s clean 
make -C ps7_cortexa9_0/libsrc/xadcps_v2_3/src -s clean 
make -C ps7_cortexa9_0/libsrc/sdps_v3_7/src -s clean 
make -C ps7_cortexa9_0/libsrc/devcfg_v3_5/src -s clean 
make -C ps7_cortexa9_0/libsrc/scuwdt_v2_1/src -s clean 
make -C ps7_cortexa9_0/libsrc/ZedboardOLED_v1_0/src -s clean 
make -C ps7_cortexa9_0/libsrc/uartps_v3_7/src -s clean 
make -C ps7_cortexa9_0/libsrc/usbps_v2_4/src -s clean 
make -C ps7_cortexa9_0/libsrc/scutimer_v2_1/src -s clean 
make -C ps7_cortexa9_0/libsrc/coresightps_dcc_v1_5/src -s clean 
rm -f ps7_cortexa9_0/lib/libxil.a
15:51:56 **** Build of project oled_test_bsp ****
make -k all 
Running Make include in ps7_cortexa9_0/libsrc/ddrps_v1_0/src
make -C ps7_cortexa9_0/libsrc/ddrps_v1_0/src -s include  "SHELL=/bin/sh" "COMPILER=arm-none-eabi-gcc" "ARCHIVER=arm-none-eabi-ar" "COMPILER_FLAGS=  -O2 -c" "EXTRA_COMPILER_FLAGS=-mcpu=cortex-a9 -mfpu=vfpv3 -mfloat-abi=hard -nostartfiles -g -Wall -Wextra"
Running Make include in ps7_cortexa9_0/libsrc/dmaps_v2_4/src
make -C ps7_cortexa9_0/libsrc/dmaps_v2_4/src -s include  "SHELL=/bin/sh" "COMPILER=arm-none-eabi-gcc" "ARCHIVER=arm-none-eabi-ar" "COMPILER_FLAGS=  -O2 -c" "EXTRA_COMPILER_FLAGS=-mcpu=cortex-a9 -mfpu=vfpv3 -mfloat-abi=hard -nostartfiles -g -Wall -Wextra"
Running Make include in ps7_cortexa9_0/libsrc/cpu_cortexa9_v2_7/src
make -C ps7_cortexa9_0/libsrc/cpu_cortexa9_v2_7/src -s include  "SHELL=/bin/sh" "COMPILER=arm-none-eabi-gcc" "ARCHIVER=arm-none-eabi-ar" "COMPILER_FLAGS=  -O2 -c" "EXTRA_COMPILER_FLAGS=-mcpu=cortex-a9 -mfpu=vfpv3 -mfloat-abi=hard -nostartfiles -g -Wall -Wextra"
Running Make include in ps7_cortexa9_0/libsrc/scugic_v4_0/src
make -C ps7_cortexa9_0/libsrc/scugic_v4_0/src -s include  "SHELL=/bin/sh" "COMPILER=arm-none-eabi-gcc" "ARCHIVER=arm-none-eabi-ar" "COMPILER_FLAGS=  -O2 -c" "EXTRA_COMPILER_FLAGS=-mcpu=cortex-a9 -mfpu=vfpv3 -mfloat-abi=hard -nostartfiles -g -Wall -Wextra"
Running Make include in ps7_cortexa9_0/libsrc/emacps_v3_9/src
make -C ps7_cortexa9_0/libsrc/emacps_v3_9/src -s include  "SHELL=/bin/sh" "COMPILER=arm-none-eabi-gcc" "ARCHIVER=arm-none-eabi-ar" "COMPILER_FLAGS=  -O2 -c" "EXTRA_COMPILER_FLAGS=-mcpu=cortex-a9 -mfpu=vfpv3 -mfloat-abi=hard -nostartfiles -g -Wall -Wextra"
Running Make include in ps7_cortexa9_0/libsrc/ttcps_v3_9/src
make -C ps7_cortexa9_0/libsrc/ttcps_v3_9/src -s include  "SHELL=/bin/sh" "COMPILER=arm-none-eabi-gcc" "ARCHIVER=arm-none-eabi-ar" "COMPILER_FLAGS=  -O2 -c" "EXTRA_COMPILER_FLAGS=-mcpu=cortex-a9 -mfpu=vfpv3 -mfloat-abi=hard -nostartfiles -g -Wall -Wextra"
Running Make include in ps7_cortexa9_0/libsrc/gpiops_v3_5/src
make -C ps7_cortexa9_0/libsrc/gpiops_v3_5/src -s include  "SHELL=/bin/sh" "COMPILER=arm-none-eabi-gcc" "ARCHIVER=arm-none-eabi-ar" "COMPILER_FLAGS=  -O2 -c" "EXTRA_COMPILER_FLAGS=-mcpu=cortex-a9 -mfpu=vfpv3 -mfloat-abi=hard -nostartfiles -g -Wall -Wextra"
Running Make include in ps7_cortexa9_0/libsrc/standalone_v7_0/src
make -C ps7_cortexa9_0/libsrc/standalone_v7_0/src -s include  "SHELL=/bin/sh" "COMPILER=arm-none-eabi-gcc" "ARCHIVER=arm-none-eabi-ar" "COMPILER_FLAGS=  -O2 -c" "EXTRA_COMPILER_FLAGS=-mcpu=cortex-a9 -mfpu=vfpv3 -mfloat-abi=hard -nostartfiles -g -Wall -Wextra"
Running Make include in ps7_cortexa9_0/libsrc/qspips_v3_6/src
make -C ps7_cortexa9_0/libsrc/qspips_v3_6/src -s include  "SHELL=/bin/sh" "COMPILER=arm-none-eabi-gcc" "ARCHIVER=arm-none-eabi-ar" "COMPILER_FLAGS=  -O2 -c" "EXTRA_COMPILER_FLAGS=-mcpu=cortex-a9 -mfpu=vfpv3 -mfloat-abi=hard -nostartfiles -g -Wall -Wextra"
Running Make include in ps7_cortexa9_0/libsrc/xadcps_v2_3/src
make -C ps7_cortexa9_0/libsrc/xadcps_v2_3/src -s include  "SHELL=/bin/sh" "COMPILER=arm-none-eabi-gcc" "ARCHIVER=arm-none-eabi-ar" "COMPILER_FLAGS=  -O2 -c" "EXTRA_COMPILER_FLAGS=-mcpu=cortex-a9 -mfpu=vfpv3 -mfloat-abi=hard -nostartfiles -g -Wall -Wextra"
Running Make include in ps7_cortexa9_0/libsrc/sdps_v3_7/src
make -C ps7_cortexa9_0/libsrc/sdps_v3_7/src -s include  "SHELL=/bin/sh" "COMPILER=arm-none-eabi-gcc" "ARCHIVER=arm-none-eabi-ar" "COMPILER_FLAGS=  -O2 -c" "EXTRA_COMPILER_FLAGS=-mcpu=cortex-a9 -mfpu=vfpv3 -mfloat-abi=hard -nostartfiles -g -Wall -Wextra"
Running Make include in ps7_cortexa9_0/libsrc/devcfg_v3_5/src
make -C ps7_cortexa9_0/libsrc/devcfg_v3_5/src -s include  "SHELL=/bin/sh" "COMPILER=arm-none-eabi-gcc" "ARCHIVER=arm-none-eabi-ar" "COMPILER_FLAGS=  -O2 -c" "EXTRA_COMPILER_FLAGS=-mcpu=cortex-a9 -mfpu=vfpv3 -mfloat-abi=hard -nostartfiles -g -Wall -Wextra"
Running Make include in ps7_cortexa9_0/libsrc/scuwdt_v2_1/src
make -C ps7_cortexa9_0/libsrc/scuwdt_v2_1/src -s include  "SHELL=/bin/sh" "COMPILER=arm-none-eabi-gcc" "ARCHIVER=arm-none-eabi-ar" "COMPILER_FLAGS=  -O2 -c" "EXTRA_COMPILER_FLAGS=-mcpu=cortex-a9 -mfpu=vfpv3 -mfloat-abi=hard -nostartfiles -g -Wall -Wextra"
Running Make include in ps7_cortexa9_0/libsrc/ZedboardOLED_v1_0/src
make -C ps7_cortexa9_0/libsrc/ZedboardOLED_v1_0/src -s include  "SHELL=/bin/sh" "COMPILER=arm-none-eabi-gcc" "ARCHIVER=arm-none-eabi-ar" "COMPILER_FLAGS=  -O2 -c" "EXTRA_COMPILER_FLAGS=-mcpu=cortex-a9 -mfpu=vfpv3 -mfloat-abi=hard -nostartfiles -g -Wall -Wextra"
Running Make include in ps7_cortexa9_0/libsrc/uartps_v3_7/src
make -C ps7_cortexa9_0/libsrc/uartps_v3_7/src -s include  "SHELL=/bin/sh" "COMPILER=arm-none-eabi-gcc" "ARCHIVER=arm-none-eabi-ar" "COMPILER_FLAGS=  -O2 -c" "EXTRA_COMPILER_FLAGS=-mcpu=cortex-a9 -mfpu=vfpv3 -mfloat-abi=hard -nostartfiles -g -Wall -Wextra"
Running Make include in ps7_cortexa9_0/libsrc/usbps_v2_4/src
make -C ps7_cortexa9_0/libsrc/usbps_v2_4/src -s include  "SHELL=/bin/sh" "COMPILER=arm-none-eabi-gcc" "ARCHIVER=arm-none-eabi-ar" "COMPILER_FLAGS=  -O2 -c" "EXTRA_COMPILER_FLAGS=-mcpu=cortex-a9 -mfpu=vfpv3 -mfloat-abi=hard -nostartfiles -g -Wall -Wextra"
arm-none-eabi-ar: creating ../../../lib/libxil.a
Running Make include in ps7_cortexa9_0/libsrc/scutimer_v2_1/src
make -C ps7_cortexa9_0/libsrc/scutimer_v2_1/src -s include  "SHELL=/bin/sh" "COMPILER=arm-none-eabi-gcc" "ARCHIVER=arm-none-eabi-ar" "COMPILER_FLAGS=  -O2 -c" "EXTRA_COMPILER_FLAGS=-mcpu=cortex-a9 -mfpu=vfpv3 -mfloat-abi=hard -nostartfiles -g -Wall -Wextra"
Running Make include in ps7_cortexa9_0/libsrc/coresightps_dcc_v1_5/src
make -C ps7_cortexa9_0/libsrc/coresightps_dcc_v1_5/src -s include  "SHELL=/bin/sh" "COMPILER=arm-none-eabi-gcc" "ARCHIVER=arm-none-eabi-ar" "COMPILER_FLAGS=  -O2 -c" "EXTRA_COMPILER_FLAGS=-mcpu=cortex-a9 -mfpu=vfpv3 -mfloat-abi=hard -nostartfiles -g -Wall -Wextra"
Running Make libs in ps7_cortexa9_0/libsrc/ddrps_v1_0/src
make -C ps7_cortexa9_0/libsrc/ddrps_v1_0/src -s libs  "SHELL=/bin/sh" "COMPILER=arm-none-eabi-gcc" "ARCHIVER=arm-none-eabi-ar" "COMPILER_FLAGS=  -O2 -c" "EXTRA_COMPILER_FLAGS=-mcpu=cortex-a9 -mfpu=vfpv3 -mfloat-abi=hard -nostartfiles -g -Wall -Wextra"
Compiling ddrps
Running Make libs in ps7_cortexa9_0/libsrc/dmaps_v2_4/src
make -C ps7_cortexa9_0/libsrc/dmaps_v2_4/src -s libs  "SHELL=/bin/sh" "COMPILER=arm-none-eabi-gcc" "ARCHIVER=arm-none-eabi-ar" "COMPILER_FLAGS=  -O2 -c" "EXTRA_COMPILER_FLAGS=-mcpu=cortex-a9 -mfpu=vfpv3 -mfloat-abi=hard -nostartfiles -g -Wall -Wextra"
Compiling dmaps
Running Make libs in ps7_cortexa9_0/libsrc/cpu_cortexa9_v2_7/src
make -C ps7_cortexa9_0/libsrc/cpu_cortexa9_v2_7/src -s libs  "SHELL=/bin/sh" "COMPILER=arm-none-eabi-gcc" "ARCHIVER=arm-none-eabi-ar" "COMPILER_FLAGS=  -O2 -c" "EXTRA_COMPILER_FLAGS=-mcpu=cortex-a9 -mfpu=vfpv3 -mfloat-abi=hard -nostartfiles -g -Wall -Wextra"
Compiling cpu_cortexa9
Running Make libs in ps7_cortexa9_0/libsrc/scugic_v4_0/src
make -C ps7_cortexa9_0/libsrc/scugic_v4_0/src -s libs  "SHELL=/bin/sh" "COMPILER=arm-none-eabi-gcc" "ARCHIVER=arm-none-eabi-ar" "COMPILER_FLAGS=  -O2 -c" "EXTRA_COMPILER_FLAGS=-mcpu=cortex-a9 -mfpu=vfpv3 -mfloat-abi=hard -nostartfiles -g -Wall -Wextra"
Compiling scugic
Running Make libs in ps7_cortexa9_0/libsrc/emacps_v3_9/src
make -C ps7_cortexa9_0/libsrc/emacps_v3_9/src -s libs  "SHELL=/bin/sh" "COMPILER=arm-none-eabi-gcc" "ARCHIVER=arm-none-eabi-ar" "COMPILER_FLAGS=  -O2 -c" "EXTRA_COMPILER_FLAGS=-mcpu=cortex-a9 -mfpu=vfpv3 -mfloat-abi=hard -nostartfiles -g -Wall -Wextra"
Compiling emacps
Running Make libs in ps7_cortexa9_0/libsrc/ttcps_v3_9/src
make -C ps7_cortexa9_0/libsrc/ttcps_v3_9/src -s libs  "SHELL=/bin/sh" "COMPILER=arm-none-eabi-gcc" "ARCHIVER=arm-none-eabi-ar" "COMPILER_FLAGS=  -O2 -c" "EXTRA_COMPILER_FLAGS=-mcpu=cortex-a9 -mfpu=vfpv3 -mfloat-abi=hard -nostartfiles -g -Wall -Wextra"
Compiling ttcps
Running Make libs in ps7_cortexa9_0/libsrc/gpiops_v3_5/src
make -C ps7_cortexa9_0/libsrc/gpiops_v3_5/src -s libs  "SHELL=/bin/sh" "COMPILER=arm-none-eabi-gcc" "ARCHIVER=arm-none-eabi-ar" "COMPILER_FLAGS=  -O2 -c" "EXTRA_COMPILER_FLAGS=-mcpu=cortex-a9 -mfpu=vfpv3 -mfloat-abi=hard -nostartfiles -g -Wall -Wextra"
Compiling gpiops
Running Make libs in ps7_cortexa9_0/libsrc/standalone_v7_0/src
make -C ps7_cortexa9_0/libsrc/standalone_v7_0/src -s libs  "SHELL=/bin/sh" "COMPILER=arm-none-eabi-gcc" "ARCHIVER=arm-none-eabi-ar" "COMPILER_FLAGS=  -O2 -c" "EXTRA_COMPILER_FLAGS=-mcpu=cortex-a9 -mfpu=vfpv3 -mfloat-abi=hard -nostartfiles -g -Wall -Wextra"
Compiling standalone
In file included from sleep.c:53:
xtime_l.h:87:9: note: #pragma message: For the sleep routines, Global timer is being used
 #pragma message ("For the sleep routines, Global timer is being used")
         ^~~~~~~
In file included from xtime_l.c:49:
xtime_l.h:87:9: note: #pragma message: For the sleep routines, Global timer is being used
 #pragma message ("For the sleep routines, Global timer is being used")
         ^~~~~~~
In file included from xil_sleeptimer.c:51:
xtime_l.h:87:9: note: #pragma message: For the sleep routines, Global timer is being used
 #pragma message ("For the sleep routines, Global timer is being used")
         ^~~~~~~
In file included from usleep.c:56:
xtime_l.h:87:9: note: #pragma message: For the sleep routines, Global timer is being used
 #pragma message ("For the sleep routines, Global timer is being used")
         ^~~~~~~
Running Make libs in ps7_cortexa9_0/libsrc/qspips_v3_6/src
make -C ps7_cortexa9_0/libsrc/qspips_v3_6/src -s libs  "SHELL=/bin/sh" "COMPILER=arm-none-eabi-gcc" "ARCHIVER=arm-none-eabi-ar" "COMPILER_FLAGS=  -O2 -c" "EXTRA_COMPILER_FLAGS=-mcpu=cortex-a9 -mfpu=vfpv3 -mfloat-abi=hard -nostartfiles -g -Wall -Wextra"
Compiling qspips
Running Make libs in ps7_cortexa9_0/libsrc/xadcps_v2_3/src
make -C ps7_cortexa9_0/libsrc/xadcps_v2_3/src -s libs  "SHELL=/bin/sh" "COMPILER=arm-none-eabi-gcc" "ARCHIVER=arm-none-eabi-ar" "COMPILER_FLAGS=  -O2 -c" "EXTRA_COMPILER_FLAGS=-mcpu=cortex-a9 -mfpu=vfpv3 -mfloat-abi=hard -nostartfiles -g -Wall -Wextra"
Compiling xadcps
Running Make libs in ps7_cortexa9_0/libsrc/sdps_v3_7/src
make -C ps7_cortexa9_0/libsrc/sdps_v3_7/src -s libs  "SHELL=/bin/sh" "COMPILER=arm-none-eabi-gcc" "ARCHIVER=arm-none-eabi-ar" "COMPILER_FLAGS=  -O2 -c" "EXTRA_COMPILER_FLAGS=-mcpu=cortex-a9 -mfpu=vfpv3 -mfloat-abi=hard -nostartfiles -g -Wall -Wextra"
Compiling sdps
Running Make libs in ps7_cortexa9_0/libsrc/devcfg_v3_5/src
make -C ps7_cortexa9_0/libsrc/devcfg_v3_5/src -s libs  "SHELL=/bin/sh" "COMPILER=arm-none-eabi-gcc" "ARCHIVER=arm-none-eabi-ar" "COMPILER_FLAGS=  -O2 -c" "EXTRA_COMPILER_FLAGS=-mcpu=cortex-a9 -mfpu=vfpv3 -mfloat-abi=hard -nostartfiles -g -Wall -Wextra"
Compiling devcfg
Running Make libs in ps7_cortexa9_0/libsrc/scuwdt_v2_1/src
make -C ps7_cortexa9_0/libsrc/scuwdt_v2_1/src -s libs  "SHELL=/bin/sh" "COMPILER=arm-none-eabi-gcc" "ARCHIVER=arm-none-eabi-ar" "COMPILER_FLAGS=  -O2 -c" "EXTRA_COMPILER_FLAGS=-mcpu=cortex-a9 -mfpu=vfpv3 -mfloat-abi=hard -nostartfiles -g -Wall -Wextra"
Compiling scuwdt
Running Make libs in ps7_cortexa9_0/libsrc/ZedboardOLED_v1_0/src
make -C ps7_cortexa9_0/libsrc/ZedboardOLED_v1_0/src -s libs  "SHELL=/bin/sh" "COMPILER=arm-none-eabi-gcc" "ARCHIVER=arm-none-eabi-ar" "COMPILER_FLAGS=  -O2 -c" "EXTRA_COMPILER_FLAGS=-mcpu=cortex-a9 -mfpu=vfpv3 -mfloat-abi=hard -nostartfiles -g -Wall -Wextra"
Compiling ZedboardOLED...
Running Make libs in ps7_cortexa9_0/libsrc/uartps_v3_7/src
make -C ps7_cortexa9_0/libsrc/uartps_v3_7/src -s libs  "SHELL=/bin/sh" "COMPILER=arm-none-eabi-gcc" "ARCHIVER=arm-none-eabi-ar" "COMPILER_FLAGS=  -O2 -c" "EXTRA_COMPILER_FLAGS=-mcpu=cortex-a9 -mfpu=vfpv3 -mfloat-abi=hard -nostartfiles -g -Wall -Wextra"
Compiling uartps
Running Make libs in ps7_cortexa9_0/libsrc/usbps_v2_4/src
make -C ps7_cortexa9_0/libsrc/usbps_v2_4/src -s libs  "SHELL=/bin/sh" "COMPILER=arm-none-eabi-gcc" "ARCHIVER=arm-none-eabi-ar" "COMPILER_FLAGS=  -O2 -c" "EXTRA_COMPILER_FLAGS=-mcpu=cortex-a9 -mfpu=vfpv3 -mfloat-abi=hard -nostartfiles -g -Wall -Wextra"
Compiling usbps
Running Make libs in ps7_cortexa9_0/libsrc/scutimer_v2_1/src
make -C ps7_cortexa9_0/libsrc/scutimer_v2_1/src -s libs  "SHELL=/bin/sh" "COMPILER=arm-none-eabi-gcc" "ARCHIVER=arm-none-eabi-ar" "COMPILER_FLAGS=  -O2 -c" "EXTRA_COMPILER_FLAGS=-mcpu=cortex-a9 -mfpu=vfpv3 -mfloat-abi=hard -nostartfiles -g -Wall -Wextra"
Compiling scutimer
Running Make libs in ps7_cortexa9_0/libsrc/coresightps_dcc_v1_5/src
make -C ps7_cortexa9_0/libsrc/coresightps_dcc_v1_5/src -s libs  "SHELL=/bin/sh" "COMPILER=arm-none-eabi-gcc" "ARCHIVER=arm-none-eabi-ar" "COMPILER_FLAGS=  -O2 -c" "EXTRA_COMPILER_FLAGS=-mcpu=cortex-a9 -mfpu=vfpv3 -mfloat-abi=hard -nostartfiles -g -Wall -Wextra"
Compiling coresightps_dcc
Finished building libraries
15:52:06 **** Build of configuration Debug for project oled_test ****
make pre-build main-build 
a9-linaro-pre-build-step
 
Building file: ../src/helloworld.c
Invoking: ARM v7 gcc compiler
arm-none-eabi-gcc -Wall -O0 -g3 -c -fmessage-length=0 -MT"src/helloworld.o" -mcpu=cortex-a9 -mfpu=vfpv3 -mfloat-abi=hard -I../../oled_test_bsp/ps7_cortexa9_0/include -MMD -MP -MF"src/helloworld.d" -MT"src/helloworld.o" -o "src/helloworld.o" "../src/helloworld.c"
Finished building: ../src/helloworld.c
 
Building file: ../src/oled_test.c
Invoking: ARM v7 gcc compiler
arm-none-eabi-gcc -Wall -O0 -g3 -c -fmessage-length=0 -MT"src/oled_test.o" -mcpu=cortex-a9 -mfpu=vfpv3 -mfloat-abi=hard -I../../oled_test_bsp/ps7_cortexa9_0/include -MMD -MP -MF"src/oled_test.d" -MT"src/oled_test.o" -o "src/oled_test.o" "../src/oled_test.c"
../src/oled_test.c: In function 'main':
../src/oled_test.c:2:1: warning: implicit declaration of function 'clear' [-Wimplicit-function-declaration]
 clear();
 ^~~~~
../src/oled_test.c:3:1: warning: implicit declaration of function 'print_message' [-Wimplicit-function-declaration]
 print_message("Texas A&M Qatar",0);
 ^~~~~~~~~~~~~
Finished building: ../src/oled_test.c
 
Building file: ../src/platform.c
Invoking: ARM v7 gcc compiler
arm-none-eabi-gcc -Wall -O0 -g3 -c -fmessage-length=0 -MT"src/platform.o" -mcpu=cortex-a9 -mfpu=vfpv3 -mfloat-abi=hard -I../../oled_test_bsp/ps7_cortexa9_0/include -MMD -MP -MF"src/platform.d" -MT"src/platform.o" -o "src/platform.o" "../src/platform.c"
Finished building: ../src/platform.c
 
Building target: oled_test.elf
Invoking: ARM v7 gcc linker
arm-none-eabi-gcc -mcpu=cortex-a9 -mfpu=vfpv3 -mfloat-abi=hard -Wl,-build-id=none -specs=Xilinx.spec -Wl,-T -Wl,../src/lscript.ld -L../../oled_test_bsp/ps7_cortexa9_0/lib -o "oled_test.elf"  ./src/helloworld.o ./src/oled_test.o ./src/platform.o   -Wl,--start-group,-lxil,-lgcc,-lc,--end-group
/opt/xilinx/SDK/2019.1/gnu/aarch32/lin/gcc-arm-none-eabi/bin/../lib/gcc/arm-none-eabi/8.2.0/../../../../arm-none-eabi/bin/ld: ./src/oled_test.o: in function `main':
/afs/ee.cooper.edu/user/a/alvee.ahmed/aahmed_oled/aahmed_oled.sdk/oled_test/Debug/../src/oled_test.c:1: multiple definition of `main'; ./src/helloworld.o:/afs/ee.cooper.edu/user/a/alvee.ahmed/aahmed_oled/aahmed_oled.sdk/oled_test/Debug/../src/helloworld.c:54: first defined here
collect2: error: ld returned 1 exit status
make: *** [makefile:41: oled_test.elf] Error 1
15:52:23 **** Incremental Build of configuration Debug for project oled_test ****
make pre-build main-build 
a9-linaro-pre-build-step
 
Building target: oled_test.elf
Invoking: ARM v7 gcc linker
arm-none-eabi-gcc -mcpu=cortex-a9 -mfpu=vfpv3 -mfloat-abi=hard -Wl,-build-id=none -specs=Xilinx.spec -Wl,-T -Wl,../src/lscript.ld -L../../oled_test_bsp/ps7_cortexa9_0/lib -o "oled_test.elf"  ./src/helloworld.o ./src/oled_test.o ./src/platform.o   -Wl,--start-group,-lxil,-lgcc,-lc,--end-group
/opt/xilinx/SDK/2019.1/gnu/aarch32/lin/gcc-arm-none-eabi/bin/../lib/gcc/arm-none-eabi/8.2.0/../../../../arm-none-eabi/bin/ld: ./src/oled_test.o: in function `main':
/afs/ee.cooper.edu/user/a/alvee.ahmed/aahmed_oled/aahmed_oled.sdk/oled_test/Debug/../src/oled_test.c:1: multiple definition of `main'; ./src/helloworld.o:/afs/ee.cooper.edu/user/a/alvee.ahmed/aahmed_oled/aahmed_oled.sdk/oled_test/Debug/../src/helloworld.c:54: first defined here
collect2: error: ld returned 1 exit status
make: *** [makefile:41: oled_test.elf] Error 1
15:55:14 **** Clean-only build of configuration Debug for project oled_test ****
make clean 
rm -rf  ./src/helloworld.o ./src/oled_test.o ./src/platform.o  ./src/helloworld.d ./src/oled_test.d ./src/platform.d  oled_test.elf.size  oled_test.elf
 
15:55:14 **** Clean-only build of project oled_test_bsp ****
make -k clean 
make -C ps7_cortexa9_0/libsrc/ddrps_v1_0/src -s clean 
make -C ps7_cortexa9_0/libsrc/dmaps_v2_4/src -s clean 
make -C ps7_cortexa9_0/libsrc/cpu_cortexa9_v2_7/src -s clean 
make -C ps7_cortexa9_0/libsrc/scugic_v4_0/src -s clean 
make -C ps7_cortexa9_0/libsrc/emacps_v3_9/src -s clean 
make -C ps7_cortexa9_0/libsrc/ttcps_v3_9/src -s clean 
make -C ps7_cortexa9_0/libsrc/gpiops_v3_5/src -s clean 
make -C ps7_cortexa9_0/libsrc/standalone_v7_0/src -s clean 
make -C ps7_cortexa9_0/libsrc/qspips_v3_6/src -s clean 
make -C ps7_cortexa9_0/libsrc/xadcps_v2_3/src -s clean 
make -C ps7_cortexa9_0/libsrc/sdps_v3_7/src -s clean 
make -C ps7_cortexa9_0/libsrc/devcfg_v3_5/src -s clean 
make -C ps7_cortexa9_0/libsrc/scuwdt_v2_1/src -s clean 
make -C ps7_cortexa9_0/libsrc/ZedboardOLED_v1_0/src -s clean 
make -C ps7_cortexa9_0/libsrc/uartps_v3_7/src -s clean 
make -C ps7_cortexa9_0/libsrc/usbps_v2_4/src -s clean 
make -C ps7_cortexa9_0/libsrc/scutimer_v2_1/src -s clean 
make -C ps7_cortexa9_0/libsrc/coresightps_dcc_v1_5/src -s clean 
rm -f ps7_cortexa9_0/lib/libxil.a
15:55:15 **** Build of project oled_test_bsp ****
make -k all 
Running Make include in ps7_cortexa9_0/libsrc/ddrps_v1_0/src
make -C ps7_cortexa9_0/libsrc/ddrps_v1_0/src -s include  "SHELL=/bin/sh" "COMPILER=arm-none-eabi-gcc" "ARCHIVER=arm-none-eabi-ar" "COMPILER_FLAGS=  -O2 -c" "EXTRA_COMPILER_FLAGS=-mcpu=cortex-a9 -mfpu=vfpv3 -mfloat-abi=hard -nostartfiles -g -Wall -Wextra"
Running Make include in ps7_cortexa9_0/libsrc/dmaps_v2_4/src
make -C ps7_cortexa9_0/libsrc/dmaps_v2_4/src -s include  "SHELL=/bin/sh" "COMPILER=arm-none-eabi-gcc" "ARCHIVER=arm-none-eabi-ar" "COMPILER_FLAGS=  -O2 -c" "EXTRA_COMPILER_FLAGS=-mcpu=cortex-a9 -mfpu=vfpv3 -mfloat-abi=hard -nostartfiles -g -Wall -Wextra"
Running Make include in ps7_cortexa9_0/libsrc/cpu_cortexa9_v2_7/src
make -C ps7_cortexa9_0/libsrc/cpu_cortexa9_v2_7/src -s include  "SHELL=/bin/sh" "COMPILER=arm-none-eabi-gcc" "ARCHIVER=arm-none-eabi-ar" "COMPILER_FLAGS=  -O2 -c" "EXTRA_COMPILER_FLAGS=-mcpu=cortex-a9 -mfpu=vfpv3 -mfloat-abi=hard -nostartfiles -g -Wall -Wextra"
Running Make include in ps7_cortexa9_0/libsrc/scugic_v4_0/src
make -C ps7_cortexa9_0/libsrc/scugic_v4_0/src -s include  "SHELL=/bin/sh" "COMPILER=arm-none-eabi-gcc" "ARCHIVER=arm-none-eabi-ar" "COMPILER_FLAGS=  -O2 -c" "EXTRA_COMPILER_FLAGS=-mcpu=cortex-a9 -mfpu=vfpv3 -mfloat-abi=hard -nostartfiles -g -Wall -Wextra"
Running Make include in ps7_cortexa9_0/libsrc/emacps_v3_9/src
make -C ps7_cortexa9_0/libsrc/emacps_v3_9/src -s include  "SHELL=/bin/sh" "COMPILER=arm-none-eabi-gcc" "ARCHIVER=arm-none-eabi-ar" "COMPILER_FLAGS=  -O2 -c" "EXTRA_COMPILER_FLAGS=-mcpu=cortex-a9 -mfpu=vfpv3 -mfloat-abi=hard -nostartfiles -g -Wall -Wextra"
Running Make include in ps7_cortexa9_0/libsrc/ttcps_v3_9/src
make -C ps7_cortexa9_0/libsrc/ttcps_v3_9/src -s include  "SHELL=/bin/sh" "COMPILER=arm-none-eabi-gcc" "ARCHIVER=arm-none-eabi-ar" "COMPILER_FLAGS=  -O2 -c" "EXTRA_COMPILER_FLAGS=-mcpu=cortex-a9 -mfpu=vfpv3 -mfloat-abi=hard -nostartfiles -g -Wall -Wextra"
Running Make include in ps7_cortexa9_0/libsrc/gpiops_v3_5/src
make -C ps7_cortexa9_0/libsrc/gpiops_v3_5/src -s include  "SHELL=/bin/sh" "COMPILER=arm-none-eabi-gcc" "ARCHIVER=arm-none-eabi-ar" "COMPILER_FLAGS=  -O2 -c" "EXTRA_COMPILER_FLAGS=-mcpu=cortex-a9 -mfpu=vfpv3 -mfloat-abi=hard -nostartfiles -g -Wall -Wextra"
Running Make include in ps7_cortexa9_0/libsrc/standalone_v7_0/src
make -C ps7_cortexa9_0/libsrc/standalone_v7_0/src -s include  "SHELL=/bin/sh" "COMPILER=arm-none-eabi-gcc" "ARCHIVER=arm-none-eabi-ar" "COMPILER_FLAGS=  -O2 -c" "EXTRA_COMPILER_FLAGS=-mcpu=cortex-a9 -mfpu=vfpv3 -mfloat-abi=hard -nostartfiles -g -Wall -Wextra"
Running Make include in ps7_cortexa9_0/libsrc/qspips_v3_6/src
make -C ps7_cortexa9_0/libsrc/qspips_v3_6/src -s include  "SHELL=/bin/sh" "COMPILER=arm-none-eabi-gcc" "ARCHIVER=arm-none-eabi-ar" "COMPILER_FLAGS=  -O2 -c" "EXTRA_COMPILER_FLAGS=-mcpu=cortex-a9 -mfpu=vfpv3 -mfloat-abi=hard -nostartfiles -g -Wall -Wextra"
Running Make include in ps7_cortexa9_0/libsrc/xadcps_v2_3/src
make -C ps7_cortexa9_0/libsrc/xadcps_v2_3/src -s include  "SHELL=/bin/sh" "COMPILER=arm-none-eabi-gcc" "ARCHIVER=arm-none-eabi-ar" "COMPILER_FLAGS=  -O2 -c" "EXTRA_COMPILER_FLAGS=-mcpu=cortex-a9 -mfpu=vfpv3 -mfloat-abi=hard -nostartfiles -g -Wall -Wextra"
Running Make include in ps7_cortexa9_0/libsrc/sdps_v3_7/src
make -C ps7_cortexa9_0/libsrc/sdps_v3_7/src -s include  "SHELL=/bin/sh" "COMPILER=arm-none-eabi-gcc" "ARCHIVER=arm-none-eabi-ar" "COMPILER_FLAGS=  -O2 -c" "EXTRA_COMPILER_FLAGS=-mcpu=cortex-a9 -mfpu=vfpv3 -mfloat-abi=hard -nostartfiles -g -Wall -Wextra"
Running Make include in ps7_cortexa9_0/libsrc/devcfg_v3_5/src
make -C ps7_cortexa9_0/libsrc/devcfg_v3_5/src -s include  "SHELL=/bin/sh" "COMPILER=arm-none-eabi-gcc" "ARCHIVER=arm-none-eabi-ar" "COMPILER_FLAGS=  -O2 -c" "EXTRA_COMPILER_FLAGS=-mcpu=cortex-a9 -mfpu=vfpv3 -mfloat-abi=hard -nostartfiles -g -Wall -Wextra"
Running Make include in ps7_cortexa9_0/libsrc/scuwdt_v2_1/src
make -C ps7_cortexa9_0/libsrc/scuwdt_v2_1/src -s include  "SHELL=/bin/sh" "COMPILER=arm-none-eabi-gcc" "ARCHIVER=arm-none-eabi-ar" "COMPILER_FLAGS=  -O2 -c" "EXTRA_COMPILER_FLAGS=-mcpu=cortex-a9 -mfpu=vfpv3 -mfloat-abi=hard -nostartfiles -g -Wall -Wextra"
Running Make include in ps7_cortexa9_0/libsrc/ZedboardOLED_v1_0/src
make -C ps7_cortexa9_0/libsrc/ZedboardOLED_v1_0/src -s include  "SHELL=/bin/sh" "COMPILER=arm-none-eabi-gcc" "ARCHIVER=arm-none-eabi-ar" "COMPILER_FLAGS=  -O2 -c" "EXTRA_COMPILER_FLAGS=-mcpu=cortex-a9 -mfpu=vfpv3 -mfloat-abi=hard -nostartfiles -g -Wall -Wextra"
Running Make include in ps7_cortexa9_0/libsrc/uartps_v3_7/src
make -C ps7_cortexa9_0/libsrc/uartps_v3_7/src -s include  "SHELL=/bin/sh" "COMPILER=arm-none-eabi-gcc" "ARCHIVER=arm-none-eabi-ar" "COMPILER_FLAGS=  -O2 -c" "EXTRA_COMPILER_FLAGS=-mcpu=cortex-a9 -mfpu=vfpv3 -mfloat-abi=hard -nostartfiles -g -Wall -Wextra"
Running Make include in ps7_cortexa9_0/libsrc/usbps_v2_4/src
make -C ps7_cortexa9_0/libsrc/usbps_v2_4/src -s include  "SHELL=/bin/sh" "COMPILER=arm-none-eabi-gcc" "ARCHIVER=arm-none-eabi-ar" "COMPILER_FLAGS=  -O2 -c" "EXTRA_COMPILER_FLAGS=-mcpu=cortex-a9 -mfpu=vfpv3 -mfloat-abi=hard -nostartfiles -g -Wall -Wextra"
Running Make include in ps7_cortexa9_0/libsrc/scutimer_v2_1/src
make -C ps7_cortexa9_0/libsrc/scutimer_v2_1/src -s include  "SHELL=/bin/sh" "COMPILER=arm-none-eabi-gcc" "ARCHIVER=arm-none-eabi-ar" "COMPILER_FLAGS=  -O2 -c" "EXTRA_COMPILER_FLAGS=-mcpu=cortex-a9 -mfpu=vfpv3 -mfloat-abi=hard -nostartfiles -g -Wall -Wextra"
Running Make include in ps7_cortexa9_0/libsrc/coresightps_dcc_v1_5/src
make -C ps7_cortexa9_0/libsrc/coresightps_dcc_v1_5/src -s include  "SHELL=/bin/sh" "COMPILER=arm-none-eabi-gcc" "ARCHIVER=arm-none-eabi-ar" "COMPILER_FLAGS=  -O2 -c" "EXTRA_COMPILER_FLAGS=-mcpu=cortex-a9 -mfpu=vfpv3 -mfloat-abi=hard -nostartfiles -g -Wall -Wextra"
arm-none-eabi-ar: creating ../../../lib/libxil.a
Running Make libs in ps7_cortexa9_0/libsrc/ddrps_v1_0/src
make -C ps7_cortexa9_0/libsrc/ddrps_v1_0/src -s libs  "SHELL=/bin/sh" "COMPILER=arm-none-eabi-gcc" "ARCHIVER=arm-none-eabi-ar" "COMPILER_FLAGS=  -O2 -c" "EXTRA_COMPILER_FLAGS=-mcpu=cortex-a9 -mfpu=vfpv3 -mfloat-abi=hard -nostartfiles -g -Wall -Wextra"
Compiling ddrps
Running Make libs in ps7_cortexa9_0/libsrc/dmaps_v2_4/src
make -C ps7_cortexa9_0/libsrc/dmaps_v2_4/src -s libs  "SHELL=/bin/sh" "COMPILER=arm-none-eabi-gcc" "ARCHIVER=arm-none-eabi-ar" "COMPILER_FLAGS=  -O2 -c" "EXTRA_COMPILER_FLAGS=-mcpu=cortex-a9 -mfpu=vfpv3 -mfloat-abi=hard -nostartfiles -g -Wall -Wextra"
Compiling dmaps
Running Make libs in ps7_cortexa9_0/libsrc/cpu_cortexa9_v2_7/src
make -C ps7_cortexa9_0/libsrc/cpu_cortexa9_v2_7/src -s libs  "SHELL=/bin/sh" "COMPILER=arm-none-eabi-gcc" "ARCHIVER=arm-none-eabi-ar" "COMPILER_FLAGS=  -O2 -c" "EXTRA_COMPILER_FLAGS=-mcpu=cortex-a9 -mfpu=vfpv3 -mfloat-abi=hard -nostartfiles -g -Wall -Wextra"
Compiling cpu_cortexa9
Running Make libs in ps7_cortexa9_0/libsrc/scugic_v4_0/src
make -C ps7_cortexa9_0/libsrc/scugic_v4_0/src -s libs  "SHELL=/bin/sh" "COMPILER=arm-none-eabi-gcc" "ARCHIVER=arm-none-eabi-ar" "COMPILER_FLAGS=  -O2 -c" "EXTRA_COMPILER_FLAGS=-mcpu=cortex-a9 -mfpu=vfpv3 -mfloat-abi=hard -nostartfiles -g -Wall -Wextra"
Compiling scugic
Running Make libs in ps7_cortexa9_0/libsrc/emacps_v3_9/src
make -C ps7_cortexa9_0/libsrc/emacps_v3_9/src -s libs  "SHELL=/bin/sh" "COMPILER=arm-none-eabi-gcc" "ARCHIVER=arm-none-eabi-ar" "COMPILER_FLAGS=  -O2 -c" "EXTRA_COMPILER_FLAGS=-mcpu=cortex-a9 -mfpu=vfpv3 -mfloat-abi=hard -nostartfiles -g -Wall -Wextra"
Compiling emacps
Running Make libs in ps7_cortexa9_0/libsrc/ttcps_v3_9/src
make -C ps7_cortexa9_0/libsrc/ttcps_v3_9/src -s libs  "SHELL=/bin/sh" "COMPILER=arm-none-eabi-gcc" "ARCHIVER=arm-none-eabi-ar" "COMPILER_FLAGS=  -O2 -c" "EXTRA_COMPILER_FLAGS=-mcpu=cortex-a9 -mfpu=vfpv3 -mfloat-abi=hard -nostartfiles -g -Wall -Wextra"
Compiling ttcps
Running Make libs in ps7_cortexa9_0/libsrc/gpiops_v3_5/src
make -C ps7_cortexa9_0/libsrc/gpiops_v3_5/src -s libs  "SHELL=/bin/sh" "COMPILER=arm-none-eabi-gcc" "ARCHIVER=arm-none-eabi-ar" "COMPILER_FLAGS=  -O2 -c" "EXTRA_COMPILER_FLAGS=-mcpu=cortex-a9 -mfpu=vfpv3 -mfloat-abi=hard -nostartfiles -g -Wall -Wextra"
Compiling gpiops
Running Make libs in ps7_cortexa9_0/libsrc/standalone_v7_0/src
make -C ps7_cortexa9_0/libsrc/standalone_v7_0/src -s libs  "SHELL=/bin/sh" "COMPILER=arm-none-eabi-gcc" "ARCHIVER=arm-none-eabi-ar" "COMPILER_FLAGS=  -O2 -c" "EXTRA_COMPILER_FLAGS=-mcpu=cortex-a9 -mfpu=vfpv3 -mfloat-abi=hard -nostartfiles -g -Wall -Wextra"
Compiling standalone
In file included from sleep.c:53:
xtime_l.h:87:9: note: #pragma message: For the sleep routines, Global timer is being used
 #pragma message ("For the sleep routines, Global timer is being used")
         ^~~~~~~
In file included from xtime_l.c:49:
xtime_l.h:87:9: note: #pragma message: For the sleep routines, Global timer is being used
 #pragma message ("For the sleep routines, Global timer is being used")
         ^~~~~~~
In file included from xil_sleeptimer.c:51:
xtime_l.h:87:9: note: #pragma message: For the sleep routines, Global timer is being used
 #pragma message ("For the sleep routines, Global timer is being used")
         ^~~~~~~
In file included from usleep.c:56:
xtime_l.h:87:9: note: #pragma message: For the sleep routines, Global timer is being used
 #pragma message ("For the sleep routines, Global timer is being used")
         ^~~~~~~
Running Make libs in ps7_cortexa9_0/libsrc/qspips_v3_6/src
make -C ps7_cortexa9_0/libsrc/qspips_v3_6/src -s libs  "SHELL=/bin/sh" "COMPILER=arm-none-eabi-gcc" "ARCHIVER=arm-none-eabi-ar" "COMPILER_FLAGS=  -O2 -c" "EXTRA_COMPILER_FLAGS=-mcpu=cortex-a9 -mfpu=vfpv3 -mfloat-abi=hard -nostartfiles -g -Wall -Wextra"
Compiling qspips
Running Make libs in ps7_cortexa9_0/libsrc/xadcps_v2_3/src
make -C ps7_cortexa9_0/libsrc/xadcps_v2_3/src -s libs  "SHELL=/bin/sh" "COMPILER=arm-none-eabi-gcc" "ARCHIVER=arm-none-eabi-ar" "COMPILER_FLAGS=  -O2 -c" "EXTRA_COMPILER_FLAGS=-mcpu=cortex-a9 -mfpu=vfpv3 -mfloat-abi=hard -nostartfiles -g -Wall -Wextra"
Compiling xadcps
Running Make libs in ps7_cortexa9_0/libsrc/sdps_v3_7/src
make -C ps7_cortexa9_0/libsrc/sdps_v3_7/src -s libs  "SHELL=/bin/sh" "COMPILER=arm-none-eabi-gcc" "ARCHIVER=arm-none-eabi-ar" "COMPILER_FLAGS=  -O2 -c" "EXTRA_COMPILER_FLAGS=-mcpu=cortex-a9 -mfpu=vfpv3 -mfloat-abi=hard -nostartfiles -g -Wall -Wextra"
Compiling sdps
Running Make libs in ps7_cortexa9_0/libsrc/devcfg_v3_5/src
make -C ps7_cortexa9_0/libsrc/devcfg_v3_5/src -s libs  "SHELL=/bin/sh" "COMPILER=arm-none-eabi-gcc" "ARCHIVER=arm-none-eabi-ar" "COMPILER_FLAGS=  -O2 -c" "EXTRA_COMPILER_FLAGS=-mcpu=cortex-a9 -mfpu=vfpv3 -mfloat-abi=hard -nostartfiles -g -Wall -Wextra"
Compiling devcfg
Running Make libs in ps7_cortexa9_0/libsrc/scuwdt_v2_1/src
make -C ps7_cortexa9_0/libsrc/scuwdt_v2_1/src -s libs  "SHELL=/bin/sh" "COMPILER=arm-none-eabi-gcc" "ARCHIVER=arm-none-eabi-ar" "COMPILER_FLAGS=  -O2 -c" "EXTRA_COMPILER_FLAGS=-mcpu=cortex-a9 -mfpu=vfpv3 -mfloat-abi=hard -nostartfiles -g -Wall -Wextra"
Compiling scuwdt
Running Make libs in ps7_cortexa9_0/libsrc/ZedboardOLED_v1_0/src
make -C ps7_cortexa9_0/libsrc/ZedboardOLED_v1_0/src -s libs  "SHELL=/bin/sh" "COMPILER=arm-none-eabi-gcc" "ARCHIVER=arm-none-eabi-ar" "COMPILER_FLAGS=  -O2 -c" "EXTRA_COMPILER_FLAGS=-mcpu=cortex-a9 -mfpu=vfpv3 -mfloat-abi=hard -nostartfiles -g -Wall -Wextra"
Compiling ZedboardOLED...
Running Make libs in ps7_cortexa9_0/libsrc/uartps_v3_7/src
make -C ps7_cortexa9_0/libsrc/uartps_v3_7/src -s libs  "SHELL=/bin/sh" "COMPILER=arm-none-eabi-gcc" "ARCHIVER=arm-none-eabi-ar" "COMPILER_FLAGS=  -O2 -c" "EXTRA_COMPILER_FLAGS=-mcpu=cortex-a9 -mfpu=vfpv3 -mfloat-abi=hard -nostartfiles -g -Wall -Wextra"
Compiling uartps
Running Make libs in ps7_cortexa9_0/libsrc/usbps_v2_4/src
make -C ps7_cortexa9_0/libsrc/usbps_v2_4/src -s libs  "SHELL=/bin/sh" "COMPILER=arm-none-eabi-gcc" "ARCHIVER=arm-none-eabi-ar" "COMPILER_FLAGS=  -O2 -c" "EXTRA_COMPILER_FLAGS=-mcpu=cortex-a9 -mfpu=vfpv3 -mfloat-abi=hard -nostartfiles -g -Wall -Wextra"
Compiling usbps
Running Make libs in ps7_cortexa9_0/libsrc/scutimer_v2_1/src
make -C ps7_cortexa9_0/libsrc/scutimer_v2_1/src -s libs  "SHELL=/bin/sh" "COMPILER=arm-none-eabi-gcc" "ARCHIVER=arm-none-eabi-ar" "COMPILER_FLAGS=  -O2 -c" "EXTRA_COMPILER_FLAGS=-mcpu=cortex-a9 -mfpu=vfpv3 -mfloat-abi=hard -nostartfiles -g -Wall -Wextra"
Compiling scutimer
Running Make libs in ps7_cortexa9_0/libsrc/coresightps_dcc_v1_5/src
make -C ps7_cortexa9_0/libsrc/coresightps_dcc_v1_5/src -s libs  "SHELL=/bin/sh" "COMPILER=arm-none-eabi-gcc" "ARCHIVER=arm-none-eabi-ar" "COMPILER_FLAGS=  -O2 -c" "EXTRA_COMPILER_FLAGS=-mcpu=cortex-a9 -mfpu=vfpv3 -mfloat-abi=hard -nostartfiles -g -Wall -Wextra"
Compiling coresightps_dcc
Finished building libraries
15:55:25 **** Build of configuration Debug for project oled_test ****
make pre-build main-build 
a9-linaro-pre-build-step
 
Building file: ../src/helloworld.c
Invoking: ARM v7 gcc compiler
arm-none-eabi-gcc -Wall -O0 -g3 -c -fmessage-length=0 -MT"src/helloworld.o" -mcpu=cortex-a9 -mfpu=vfpv3 -mfloat-abi=hard -I../../oled_test_bsp/ps7_cortexa9_0/include -MMD -MP -MF"src/helloworld.d" -MT"src/helloworld.o" -o "src/helloworld.o" "../src/helloworld.c"
Finished building: ../src/helloworld.c
 
Building file: ../src/oled_test.c
Invoking: ARM v7 gcc compiler
arm-none-eabi-gcc -Wall -O0 -g3 -c -fmessage-length=0 -MT"src/oled_test.o" -mcpu=cortex-a9 -mfpu=vfpv3 -mfloat-abi=hard -I../../oled_test_bsp/ps7_cortexa9_0/include -MMD -MP -MF"src/oled_test.d" -MT"src/oled_test.o" -o "src/oled_test.o" "../src/oled_test.c"
../src/oled_test.c: In function 'main':
../src/oled_test.c:2:1: warning: implicit declaration of function 'clear' [-Wimplicit-function-declaration]
 clear();
 ^~~~~
../src/oled_test.c:3:1: warning: implicit declaration of function 'print_message' [-Wimplicit-function-declaration]
 print_message("Texas A&M Qatar",0);
 ^~~~~~~~~~~~~
Finished building: ../src/oled_test.c
 
Building file: ../src/platform.c
Invoking: ARM v7 gcc compiler
arm-none-eabi-gcc -Wall -O0 -g3 -c -fmessage-length=0 -MT"src/platform.o" -mcpu=cortex-a9 -mfpu=vfpv3 -mfloat-abi=hard -I../../oled_test_bsp/ps7_cortexa9_0/include -MMD -MP -MF"src/platform.d" -MT"src/platform.o" -o "src/platform.o" "../src/platform.c"
Finished building: ../src/platform.c
 
Building target: oled_test.elf
Invoking: ARM v7 gcc linker
arm-none-eabi-gcc -mcpu=cortex-a9 -mfpu=vfpv3 -mfloat-abi=hard -Wl,-build-id=none -specs=Xilinx.spec -Wl,-T -Wl,../src/lscript.ld -L../../oled_test_bsp/ps7_cortexa9_0/lib -o "oled_test.elf"  ./src/helloworld.o ./src/oled_test.o ./src/platform.o   -Wl,--start-group,-lxil,-lgcc,-lc,--end-group
/opt/xilinx/SDK/2019.1/gnu/aarch32/lin/gcc-arm-none-eabi/bin/../lib/gcc/arm-none-eabi/8.2.0/../../../../arm-none-eabi/bin/ld: ./src/oled_test.o: in function `main':
/afs/ee.cooper.edu/user/a/alvee.ahmed/aahmed_oled/aahmed_oled.sdk/oled_test/Debug/../src/oled_test.c:1: multiple definition of `main'; ./src/helloworld.o:/afs/ee.cooper.edu/user/a/alvee.ahmed/aahmed_oled/aahmed_oled.sdk/oled_test/Debug/../src/helloworld.c:54: first defined here
collect2: error: ld returned 1 exit status
make: *** [makefile:41: oled_test.elf] Error 1
15:56:45 **** Incremental Build of configuration Debug for project oled_test ****
make pre-build main-build 
a9-linaro-pre-build-step
 
Building target: oled_test.elf
Invoking: ARM v7 gcc linker
arm-none-eabi-gcc -mcpu=cortex-a9 -mfpu=vfpv3 -mfloat-abi=hard -Wl,-build-id=none -specs=Xilinx.spec -Wl,-T -Wl,../src/lscript.ld -L../../oled_test_bsp/ps7_cortexa9_0/lib -o "oled_test.elf"  ./src/helloworld.o ./src/oled_test.o ./src/platform.o   -Wl,--start-group,-lxil,-lgcc,-lc,--end-group
/opt/xilinx/SDK/2019.1/gnu/aarch32/lin/gcc-arm-none-eabi/bin/../lib/gcc/arm-none-eabi/8.2.0/../../../../arm-none-eabi/bin/ld: ./src/oled_test.o: in function `main':
/afs/ee.cooper.edu/user/a/alvee.ahmed/aahmed_oled/aahmed_oled.sdk/oled_test/Debug/../src/oled_test.c:1: multiple definition of `main'; ./src/helloworld.o:/afs/ee.cooper.edu/user/a/alvee.ahmed/aahmed_oled/aahmed_oled.sdk/oled_test/Debug/../src/helloworld.c:54: first defined here
collect2: error: ld returned 1 exit status
make: *** [makefile:41: oled_test.elf] Error 1
15:57:44 **** Auto Build of configuration Debug for project oled_test ****
make pre-build main-build 
a9-linaro-pre-build-step
 
Building file: ../src/oled_test.c
Invoking: ARM v7 gcc compiler
arm-none-eabi-gcc -Wall -O0 -g3 -c -fmessage-length=0 -MT"src/oled_test.o" -mcpu=cortex-a9 -mfpu=vfpv3 -mfloat-abi=hard -I../../oled_test_bsp/ps7_cortexa9_0/include -MMD -MP -MF"src/oled_test.d" -MT"src/oled_test.o" -o "src/oled_test.o" "../src/oled_test.c"
Finished building: ../src/oled_test.c
 
Building target: oled_test.elf
Invoking: ARM v7 gcc linker
arm-none-eabi-gcc -mcpu=cortex-a9 -mfpu=vfpv3 -mfloat-abi=hard -Wl,-build-id=none -specs=Xilinx.spec -Wl,-T -Wl,../src/lscript.ld -L../../oled_test_bsp/ps7_cortexa9_0/lib -o "oled_test.elf"  ./src/helloworld.o ./src/oled_test.o ./src/platform.o   -Wl,--start-group,-lxil,-lgcc,-lc,--end-group
Finished building target: oled_test.elf
 
Invoking: ARM v7 Print Size
arm-none-eabi-size oled_test.elf  |tee "oled_test.elf.size"
   text	   data	    bss	    dec	    hex	filename
  19064	   1144	  22568	  42776	   a718	oled_test.elf
Finished building: oled_test.elf.size
 
15:58:08 **** Incremental Build of configuration Debug for project oled_test ****
make pre-build main-build 
a9-linaro-pre-build-step
 
make: Nothing to be done for 'main-build'.
15:59:17 **** Auto Build of configuration Debug for project oled_test ****
make pre-build main-build 
a9-linaro-pre-build-step
 
Building file: ../src/oled_test.c
Invoking: ARM v7 gcc compiler
arm-none-eabi-gcc -Wall -O0 -g3 -c -fmessage-length=0 -MT"src/oled_test.o" -mcpu=cortex-a9 -mfpu=vfpv3 -mfloat-abi=hard -I../../oled_test_bsp/ps7_cortexa9_0/include -MMD -MP -MF"src/oled_test.d" -MT"src/oled_test.o" -o "src/oled_test.o" "../src/oled_test.c"
../src/oled_test.c: In function 'main':
../src/oled_test.c:2:1: warning: implicit declaration of function 'clear' [-Wimplicit-function-declaration]
 clear();
 ^~~~~
../src/oled_test.c:3:1: warning: implicit declaration of function 'print_message' [-Wimplicit-function-declaration]
 print_message("Texas A&M Qatar",0);
 ^~~~~~~~~~~~~
Finished building: ../src/oled_test.c
 
Building target: oled_test.elf
Invoking: ARM v7 gcc linker
arm-none-eabi-gcc -mcpu=cortex-a9 -mfpu=vfpv3 -mfloat-abi=hard -Wl,-build-id=none -specs=Xilinx.spec -Wl,-T -Wl,../src/lscript.ld -L../../oled_test_bsp/ps7_cortexa9_0/lib -o "oled_test.elf"  ./src/helloworld.o ./src/oled_test.o ./src/platform.o   -Wl,--start-group,-lxil,-lgcc,-lc,--end-group
/opt/xilinx/SDK/2019.1/gnu/aarch32/lin/gcc-arm-none-eabi/bin/../lib/gcc/arm-none-eabi/8.2.0/../../../../arm-none-eabi/bin/ld: ./src/oled_test.o: in function `main':
/afs/ee.cooper.edu/user/a/alvee.ahmed/aahmed_oled/aahmed_oled.sdk/oled_test/Debug/../src/oled_test.c:1: multiple definition of `main'; ./src/helloworld.o:/afs/ee.cooper.edu/user/a/alvee.ahmed/aahmed_oled/aahmed_oled.sdk/oled_test/Debug/../src/helloworld.c:54: first defined here
collect2: error: ld returned 1 exit status
make: *** [makefile:41: oled_test.elf] Error 1
15:59:54 **** Auto Build of configuration Debug for project oled_test ****
make pre-build main-build 
a9-linaro-pre-build-step
 
Building file: ../src/oled_test.c
Invoking: ARM v7 gcc compiler
arm-none-eabi-gcc -Wall -O0 -g3 -c -fmessage-length=0 -MT"src/oled_test.o" -mcpu=cortex-a9 -mfpu=vfpv3 -mfloat-abi=hard -I../../oled_test_bsp/ps7_cortexa9_0/include -MMD -MP -MF"src/oled_test.d" -MT"src/oled_test.o" -o "src/oled_test.o" "../src/oled_test.c"
../src/oled_test.c: In function 'main':
../src/oled_test.c:7:1: warning: implicit declaration of function 'clear' [-Wimplicit-function-declaration]
 clear();
 ^~~~~
../src/oled_test.c:8:1: warning: implicit declaration of function 'print_message' [-Wimplicit-function-declaration]
 print_message("Texas A&M Qatar",0);
 ^~~~~~~~~~~~~
Finished building: ../src/oled_test.c
 
Building target: oled_test.elf
Invoking: ARM v7 gcc linker
arm-none-eabi-gcc -mcpu=cortex-a9 -mfpu=vfpv3 -mfloat-abi=hard -Wl,-build-id=none -specs=Xilinx.spec -Wl,-T -Wl,../src/lscript.ld -L../../oled_test_bsp/ps7_cortexa9_0/lib -o "oled_test.elf"  ./src/helloworld.o ./src/oled_test.o ./src/platform.o   -Wl,--start-group,-lxil,-lgcc,-lc,--end-group
/opt/xilinx/SDK/2019.1/gnu/aarch32/lin/gcc-arm-none-eabi/bin/../lib/gcc/arm-none-eabi/8.2.0/../../../../arm-none-eabi/bin/ld: ./src/oled_test.o: in function `main':
/afs/ee.cooper.edu/user/a/alvee.ahmed/aahmed_oled/aahmed_oled.sdk/oled_test/Debug/../src/oled_test.c:6: multiple definition of `main'; ./src/helloworld.o:/afs/ee.cooper.edu/user/a/alvee.ahmed/aahmed_oled/aahmed_oled.sdk/oled_test/Debug/../src/helloworld.c:54: first defined here
collect2: error: ld returned 1 exit status
make: *** [makefile:41: oled_test.elf] Error 1
16:00:11 **** Auto Build of configuration Debug for project oled_test ****
make pre-build main-build 
a9-linaro-pre-build-step
 
Building file: ../src/oled_test.c
Invoking: ARM v7 gcc compiler
arm-none-eabi-gcc -Wall -O0 -g3 -c -fmessage-length=0 -MT"src/oled_test.o" -mcpu=cortex-a9 -mfpu=vfpv3 -mfloat-abi=hard -I../../oled_test_bsp/ps7_cortexa9_0/include -MMD -MP -MF"src/oled_test.d" -MT"src/oled_test.o" -o "src/oled_test.o" "../src/oled_test.c"
../src/oled_test.c: In function 'main':
../src/oled_test.c:2:1: warning: implicit declaration of function 'clear' [-Wimplicit-function-declaration]
 clear();
 ^~~~~
../src/oled_test.c:3:1: warning: implicit declaration of function 'print_message' [-Wimplicit-function-declaration]
 print_message("Texas A&M Qatar",0);
 ^~~~~~~~~~~~~
Finished building: ../src/oled_test.c
 
Building target: oled_test.elf
Invoking: ARM v7 gcc linker
arm-none-eabi-gcc -mcpu=cortex-a9 -mfpu=vfpv3 -mfloat-abi=hard -Wl,-build-id=none -specs=Xilinx.spec -Wl,-T -Wl,../src/lscript.ld -L../../oled_test_bsp/ps7_cortexa9_0/lib -o "oled_test.elf"  ./src/helloworld.o ./src/oled_test.o ./src/platform.o   -Wl,--start-group,-lxil,-lgcc,-lc,--end-group
/opt/xilinx/SDK/2019.1/gnu/aarch32/lin/gcc-arm-none-eabi/bin/../lib/gcc/arm-none-eabi/8.2.0/../../../../arm-none-eabi/bin/ld: ./src/oled_test.o: in function `main':
/afs/ee.cooper.edu/user/a/alvee.ahmed/aahmed_oled/aahmed_oled.sdk/oled_test/Debug/../src/oled_test.c:1: multiple definition of `main'; ./src/helloworld.o:/afs/ee.cooper.edu/user/a/alvee.ahmed/aahmed_oled/aahmed_oled.sdk/oled_test/Debug/../src/helloworld.c:54: first defined here
collect2: error: ld returned 1 exit status
make: *** [makefile:41: oled_test.elf] Error 1
16:02:39 **** Auto Build of configuration Debug for project oled_test ****
make pre-build main-build 
a9-linaro-pre-build-step
 
Building file: ../src/oled_test.c
Invoking: ARM v7 gcc compiler
arm-none-eabi-gcc -Wall -O0 -g3 -c -fmessage-length=0 -MT"src/oled_test.o" -mcpu=cortex-a9 -mfpu=vfpv3 -mfloat-abi=hard -I../../oled_test_bsp/ps7_cortexa9_0/include -MMD -MP -MF"src/oled_test.d" -MT"src/oled_test.o" -o "src/oled_test.o" "../src/oled_test.c"
../src/oled_test.c: In function 'main':
../src/oled_test.c:2:1: warning: implicit declaration of function 'clear' [-Wimplicit-function-declaration]
 clear();
 ^~~~~
../src/oled_test.c:3:1: warning: implicit declaration of function 'print_message' [-Wimplicit-function-declaration]
 print_message("Texas A&M Qatar",0);
 ^~~~~~~~~~~~~
Finished building: ../src/oled_test.c
 
Building target: oled_test.elf
Invoking: ARM v7 gcc linker
arm-none-eabi-gcc -mcpu=cortex-a9 -mfpu=vfpv3 -mfloat-abi=hard -Wl,-build-id=none -specs=Xilinx.spec -Wl,-T -Wl,../src/lscript.ld -L../../oled_test_bsp/ps7_cortexa9_0/lib -o "oled_test.elf"  ./src/helloworld.o ./src/oled_test.o ./src/platform.o   -Wl,--start-group,-lxil,-lgcc,-lc,--end-group
/opt/xilinx/SDK/2019.1/gnu/aarch32/lin/gcc-arm-none-eabi/bin/../lib/gcc/arm-none-eabi/8.2.0/../../../../arm-none-eabi/bin/ld: ./src/oled_test.o: in function `main':
/afs/ee.cooper.edu/user/a/alvee.ahmed/aahmed_oled/aahmed_oled.sdk/oled_test/Debug/../src/oled_test.c:1: multiple definition of `main'; ./src/helloworld.o:/afs/ee.cooper.edu/user/a/alvee.ahmed/aahmed_oled/aahmed_oled.sdk/oled_test/Debug/../src/helloworld.c:54: first defined here
collect2: error: ld returned 1 exit status
make: *** [makefile:41: oled_test.elf] Error 1
16:02:46 **** Auto Build of configuration Debug for project oled_test ****
make pre-build main-build 
a9-linaro-pre-build-step
 
Building file: ../src/helloworld.c
Invoking: ARM v7 gcc compiler
arm-none-eabi-gcc -Wall -O0 -g3 -c -fmessage-length=0 -MT"src/helloworld.o" -mcpu=cortex-a9 -mfpu=vfpv3 -mfloat-abi=hard -I../../oled_test_bsp/ps7_cortexa9_0/include -MMD -MP -MF"src/helloworld.d" -MT"src/helloworld.o" -o "src/helloworld.o" "../src/helloworld.c"
Finished building: ../src/helloworld.c
 
Building target: oled_test.elf
Invoking: ARM v7 gcc linker
arm-none-eabi-gcc -mcpu=cortex-a9 -mfpu=vfpv3 -mfloat-abi=hard -Wl,-build-id=none -specs=Xilinx.spec -Wl,-T -Wl,../src/lscript.ld -L../../oled_test_bsp/ps7_cortexa9_0/lib -o "oled_test.elf"  ./src/helloworld.o ./src/oled_test.o ./src/platform.o   -Wl,--start-group,-lxil,-lgcc,-lc,--end-group
Finished building target: oled_test.elf
 
Invoking: ARM v7 Print Size
arm-none-eabi-size oled_test.elf  |tee "oled_test.elf.size"
   text	   data	    bss	    dec	    hex	filename
  30044	   1544	  23512	  55100	   d73c	oled_test.elf
Finished building: oled_test.elf.size
 
16:02:53 **** Auto Build of configuration Debug for project oled_test ****
make pre-build main-build 
a9-linaro-pre-build-step
 
Building file: ../src/oled_test.c
Invoking: ARM v7 gcc compiler
arm-none-eabi-gcc -Wall -O0 -g3 -c -fmessage-length=0 -MT"src/oled_test.o" -mcpu=cortex-a9 -mfpu=vfpv3 -mfloat-abi=hard -I../../oled_test_bsp/ps7_cortexa9_0/include -MMD -MP -MF"src/oled_test.d" -MT"src/oled_test.o" -o "src/oled_test.o" "../src/oled_test.c"
../src/oled_test.c: In function 'main':
../src/oled_test.c:2:1: warning: implicit declaration of function 'clear' [-Wimplicit-function-declaration]
 clear();
 ^~~~~
../src/oled_test.c:3:1: warning: implicit declaration of function 'print_message' [-Wimplicit-function-declaration]
 print_message("Texas A&M Qatar",0);
 ^~~~~~~~~~~~~
Finished building: ../src/oled_test.c
 
Building target: oled_test.elf
Invoking: ARM v7 gcc linker
arm-none-eabi-gcc -mcpu=cortex-a9 -mfpu=vfpv3 -mfloat-abi=hard -Wl,-build-id=none -specs=Xilinx.spec -Wl,-T -Wl,../src/lscript.ld -L../../oled_test_bsp/ps7_cortexa9_0/lib -o "oled_test.elf"  ./src/helloworld.o ./src/oled_test.o ./src/platform.o   -Wl,--start-group,-lxil,-lgcc,-lc,--end-group
Finished building target: oled_test.elf
 
Invoking: ARM v7 Print Size
arm-none-eabi-size oled_test.elf  |tee "oled_test.elf.size"
   text	   data	    bss	    dec	    hex	filename
  30044	   1544	  23512	  55100	   d73c	oled_test.elf
Finished building: oled_test.elf.size
 
16:03:28 **** Incremental Build of configuration Debug for project oled_test ****
make pre-build main-build 
a9-linaro-pre-build-step
 
make: Nothing to be done for 'main-build'.
16:04:50 **** Auto Build of configuration Debug for project oled_test ****
make pre-build main-build 
a9-linaro-pre-build-step
 
Building file: ../src/oled_test.c
Invoking: ARM v7 gcc compiler
arm-none-eabi-gcc -Wall -O0 -g3 -c -fmessage-length=0 -MT"src/oled_test.o" -mcpu=cortex-a9 -mfpu=vfpv3 -mfloat-abi=hard -I../../oled_test_bsp/ps7_cortexa9_0/include -MMD -MP -MF"src/oled_test.d" -MT"src/oled_test.o" -o "src/oled_test.o" "../src/oled_test.c"
../src/oled_test.c: In function 'main':
../src/oled_test.c:2:1: warning: implicit declaration of function 'clear' [-Wimplicit-function-declaration]
 clear();
 ^~~~~
../src/oled_test.c:3:1: warning: implicit declaration of function 'print_message' [-Wimplicit-function-declaration]
 print_message("Where's ware?",0);
 ^~~~~~~~~~~~~
Finished building: ../src/oled_test.c
 
Building target: oled_test.elf
Invoking: ARM v7 gcc linker
arm-none-eabi-gcc -mcpu=cortex-a9 -mfpu=vfpv3 -mfloat-abi=hard -Wl,-build-id=none -specs=Xilinx.spec -Wl,-T -Wl,../src/lscript.ld -L../../oled_test_bsp/ps7_cortexa9_0/lib -o "oled_test.elf"  ./src/helloworld.o ./src/oled_test.o ./src/platform.o   -Wl,--start-group,-lxil,-lgcc,-lc,--end-group
Finished building target: oled_test.elf
 
Invoking: ARM v7 Print Size
arm-none-eabi-size oled_test.elf  |tee "oled_test.elf.size"
   text	   data	    bss	    dec	    hex	filename
  30036	   1544	  23512	  55092	   d734	oled_test.elf
Finished building: oled_test.elf.size
 
16:05:06 **** Incremental Build of configuration Debug for project oled_test ****
make pre-build main-build 
a9-linaro-pre-build-step
 
make: Nothing to be done for 'main-build'.
16:07:16 **** Auto Build of configuration Debug for project oled_test ****
make pre-build main-build 
a9-linaro-pre-build-step
 
Building file: ../src/oled_test.c
Invoking: ARM v7 gcc compiler
arm-none-eabi-gcc -Wall -O0 -g3 -c -fmessage-length=0 -MT"src/oled_test.o" -mcpu=cortex-a9 -mfpu=vfpv3 -mfloat-abi=hard -I../../oled_test_bsp/ps7_cortexa9_0/include -MMD -MP -MF"src/oled_test.d" -MT"src/oled_test.o" -o "src/oled_test.o" "../src/oled_test.c"
../src/oled_test.c: In function 'main':
../src/oled_test.c:2:1: warning: implicit declaration of function 'clear' [-Wimplicit-function-declaration]
 clear();
 ^~~~~
../src/oled_test.c:3:1: warning: implicit declaration of function 'print_message' [-Wimplicit-function-declaration]
 print_message("This project was pretty hard",0);
 ^~~~~~~~~~~~~
Finished building: ../src/oled_test.c
 
Building target: oled_test.elf
Invoking: ARM v7 gcc linker
arm-none-eabi-gcc -mcpu=cortex-a9 -mfpu=vfpv3 -mfloat-abi=hard -Wl,-build-id=none -specs=Xilinx.spec -Wl,-T -Wl,../src/lscript.ld -L../../oled_test_bsp/ps7_cortexa9_0/lib -o "oled_test.elf"  ./src/helloworld.o ./src/oled_test.o ./src/platform.o   -Wl,--start-group,-lxil,-lgcc,-lc,--end-group
Finished building target: oled_test.elf
 
Invoking: ARM v7 Print Size
arm-none-eabi-size oled_test.elf  |tee "oled_test.elf.size"
   text	   data	    bss	    dec	    hex	filename
  30112	   1544	  23512	  55168	   d780	oled_test.elf
Finished building: oled_test.elf.size
 
16:07:33 **** Incremental Build of configuration Debug for project oled_test ****
make pre-build main-build 
a9-linaro-pre-build-step
 
make: Nothing to be done for 'main-build'.
16:09:23 **** Auto Build of configuration Debug for project oled_test ****
make pre-build main-build 
a9-linaro-pre-build-step
 
Building file: ../src/oled_test.c
Invoking: ARM v7 gcc compiler
arm-none-eabi-gcc -Wall -O0 -g3 -c -fmessage-length=0 -MT"src/oled_test.o" -mcpu=cortex-a9 -mfpu=vfpv3 -mfloat-abi=hard -I../../oled_test_bsp/ps7_cortexa9_0/include -MMD -MP -MF"src/oled_test.d" -MT"src/oled_test.o" -o "src/oled_test.o" "../src/oled_test.c"
../src/oled_test.c: In function 'main':
../src/oled_test.c:2:1: warning: implicit declaration of function 'clear' [-Wimplicit-function-declaration]
 clear();
 ^~~~~
../src/oled_test.c:3:1: warning: implicit declaration of function 'print_message' [-Wimplicit-function-declaration]
 print_message("What's funnier than 24?",0);
 ^~~~~~~~~~~~~
Finished building: ../src/oled_test.c
 
Building target: oled_test.elf
Invoking: ARM v7 gcc linker
arm-none-eabi-gcc -mcpu=cortex-a9 -mfpu=vfpv3 -mfloat-abi=hard -Wl,-build-id=none -specs=Xilinx.spec -Wl,-T -Wl,../src/lscript.ld -L../../oled_test_bsp/ps7_cortexa9_0/lib -o "oled_test.elf"  ./src/helloworld.o ./src/oled_test.o ./src/platform.o   -Wl,--start-group,-lxil,-lgcc,-lc,--end-group
Finished building target: oled_test.elf
 
Invoking: ARM v7 Print Size
arm-none-eabi-size oled_test.elf  |tee "oled_test.elf.size"
   text	   data	    bss	    dec	    hex	filename
  30044	   1544	  23512	  55100	   d73c	oled_test.elf
Finished building: oled_test.elf.size
 
16:10:02 **** Incremental Build of configuration Debug for project oled_test ****
make pre-build main-build 
a9-linaro-pre-build-step
 
make: Nothing to be done for 'main-build'.
16:11:02 **** Auto Build of configuration Debug for project oled_test ****
make pre-build main-build 
a9-linaro-pre-build-step
 
Building file: ../src/oled_test.c
Invoking: ARM v7 gcc compiler
arm-none-eabi-gcc -Wall -O0 -g3 -c -fmessage-length=0 -MT"src/oled_test.o" -mcpu=cortex-a9 -mfpu=vfpv3 -mfloat-abi=hard -I../../oled_test_bsp/ps7_cortexa9_0/include -MMD -MP -MF"src/oled_test.d" -MT"src/oled_test.o" -o "src/oled_test.o" "../src/oled_test.c"
../src/oled_test.c: In function 'main':
../src/oled_test.c:2:1: warning: implicit declaration of function 'clear' [-Wimplicit-function-declaration]
 clear();
 ^~~~~
../src/oled_test.c:3:1: warning: implicit declaration of function 'print_message' [-Wimplicit-function-declaration]
 print_message("Knock knock",0);
 ^~~~~~~~~~~~~
Finished building: ../src/oled_test.c
 
Building target: oled_test.elf
Invoking: ARM v7 gcc linker
arm-none-eabi-gcc -mcpu=cortex-a9 -mfpu=vfpv3 -mfloat-abi=hard -Wl,-build-id=none -specs=Xilinx.spec -Wl,-T -Wl,../src/lscript.ld -L../../oled_test_bsp/ps7_cortexa9_0/lib -o "oled_test.elf"  ./src/helloworld.o ./src/oled_test.o ./src/platform.o   -Wl,--start-group,-lxil,-lgcc,-lc,--end-group
Finished building target: oled_test.elf
 
Invoking: ARM v7 Print Size
arm-none-eabi-size oled_test.elf  |tee "oled_test.elf.size"
   text	   data	    bss	    dec	    hex	filename
  30044	   1544	  23512	  55100	   d73c	oled_test.elf
Finished building: oled_test.elf.size
 
16:11:21 **** Incremental Build of configuration Debug for project oled_test ****
make pre-build main-build 
a9-linaro-pre-build-step
 
make: Nothing to be done for 'main-build'.
16:12:55 **** Auto Build of configuration Debug for project oled_test ****
make pre-build main-build 
a9-linaro-pre-build-step
 
Building file: ../src/oled_test.c
Invoking: ARM v7 gcc compiler
[...]
Compiling uartps
Running Make libs in ps7_cortexa9_0/libsrc/usbps_v2_4/src
make -C ps7_cortexa9_0/libsrc/usbps_v2_4/src -s libs  "SHELL=/bin/sh" "COMPILER=arm-none-eabi-gcc" "ARCHIVER=arm-none-eabi-ar" "COMPILER_FLAGS=  -O2 -c" "EXTRA_COMPILER_FLAGS=-mcpu=cortex-a9 -mfpu=vfpv3 -mfloat-abi=hard -nostartfiles -g -Wall -Wextra"
Compiling usbps
Running Make libs in ps7_cortexa9_0/libsrc/scutimer_v2_1/src
make -C ps7_cortexa9_0/libsrc/scutimer_v2_1/src -s libs  "SHELL=/bin/sh" "COMPILER=arm-none-eabi-gcc" "ARCHIVER=arm-none-eabi-ar" "COMPILER_FLAGS=  -O2 -c" "EXTRA_COMPILER_FLAGS=-mcpu=cortex-a9 -mfpu=vfpv3 -mfloat-abi=hard -nostartfiles -g -Wall -Wextra"
Compiling scutimer
Running Make libs in ps7_cortexa9_0/libsrc/coresightps_dcc_v1_5/src
make -C ps7_cortexa9_0/libsrc/coresightps_dcc_v1_5/src -s libs  "SHELL=/bin/sh" "COMPILER=arm-none-eabi-gcc" "ARCHIVER=arm-none-eabi-ar" "COMPILER_FLAGS=  -O2 -c" "EXTRA_COMPILER_FLAGS=-mcpu=cortex-a9 -mfpu=vfpv3 -mfloat-abi=hard -nostartfiles -g -Wall -Wextra"
Compiling coresightps_dcc
Finished building libraries
19:27:40 **** Auto Build of configuration Debug for project oled_test ****
make pre-build main-build 
a9-linaro-pre-build-step
 
Building file: ../src/platform.c
Invoking: ARM v7 gcc compiler
arm-none-eabi-gcc -Wall -O0 -g3 -c -fmessage-length=0 -MT"src/platform.o" -mcpu=cortex-a9 -mfpu=vfpv3 -mfloat-abi=hard -I../../oled_test_bsp/ps7_cortexa9_0/include -MMD -MP -MF"src/platform.d" -MT"src/platform.o" -o "src/platform.o" "../src/platform.c"
Finished building: ../src/platform.c
 
Building target: oled_test.elf
Invoking: ARM v7 gcc linker
arm-none-eabi-gcc -mcpu=cortex-a9 -mfpu=vfpv3 -mfloat-abi=hard -Wl,-build-id=none -specs=Xilinx.spec -Wl,-T -Wl,../src/lscript.ld -L../../oled_test_bsp/ps7_cortexa9_0/lib -o "oled_test.elf"  ./src/helloworld.o ./src/oled_test.o ./src/platform.o   -Wl,--start-group,-lxil,-lgcc,-lc,--end-group
Finished building target: oled_test.elf
 
Invoking: ARM v7 Print Size
arm-none-eabi-size oled_test.elf  |tee "oled_test.elf.size"
   text	   data	    bss	    dec	    hex	filename
  30052	   1544	  23512	  55108	   d744	oled_test.elf
Finished building: oled_test.elf.size
 
19:28:38 **** Auto Build of configuration Debug for project oled_test ****
make pre-build main-build 
a9-linaro-pre-build-step
 
Building file: ../src/oled_test.c
Invoking: ARM v7 gcc compiler
arm-none-eabi-gcc -Wall -O0 -g3 -c -fmessage-length=0 -MT"src/oled_test.o" -mcpu=cortex-a9 -mfpu=vfpv3 -mfloat-abi=hard -I../../oled_test_bsp/ps7_cortexa9_0/include -MMD -MP -MF"src/oled_test.d" -MT"src/oled_test.o" -o "src/oled_test.o" "../src/oled_test.c"
../src/oled_test.c: In function 'main':
../src/oled_test.c:2:1: warning: implicit declaration of function 'clear' [-Wimplicit-function-declaration]
 clear();
 ^~~~~
../src/oled_test.c:3:1: warning: implicit declaration of function 'print_message' [-Wimplicit-function-declaration]
 print_message("Professor Hoerning",0);
 ^~~~~~~~~~~~~
Finished building: ../src/oled_test.c
 
Building target: oled_test.elf
Invoking: ARM v7 gcc linker
arm-none-eabi-gcc -mcpu=cortex-a9 -mfpu=vfpv3 -mfloat-abi=hard -Wl,-build-id=none -specs=Xilinx.spec -Wl,-T -Wl,../src/lscript.ld -L../../oled_test_bsp/ps7_cortexa9_0/lib -o "oled_test.elf"  ./src/helloworld.o ./src/oled_test.o ./src/platform.o   -Wl,--start-group,-lxil,-lgcc,-lc,--end-group
Finished building target: oled_test.elf
 
Invoking: ARM v7 Print Size
arm-none-eabi-size oled_test.elf  |tee "oled_test.elf.size"
   text	   data	    bss	    dec	    hex	filename
  30060	   1544	  23512	  55116	   d74c	oled_test.elf
Finished building: oled_test.elf.size
 
19:28:51 **** Incremental Build of configuration Debug for project oled_test ****
make pre-build main-build 
a9-linaro-pre-build-step
 
make: Nothing to be done for 'main-build'.
19:29:14 **** Incremental Build of configuration Debug for project oled_test ****
make pre-build main-build 
a9-linaro-pre-build-step
 
Building file: ../src/oled_test.c
Invoking: ARM v7 gcc compiler
arm-none-eabi-gcc -Wall -O0 -g3 -c -fmessage-length=0 -MT"src/oled_test.o" -mcpu=cortex-a9 -mfpu=vfpv3 -mfloat-abi=hard -I../../oled_test_bsp/ps7_cortexa9_0/include -MMD -MP -MF"src/oled_test.d" -MT"src/oled_test.o" -o "src/oled_test.o" "../src/oled_test.c"
../src/oled_test.c: In function 'main':
../src/oled_test.c:2:1: warning: implicit declaration of function 'clear' [-Wimplicit-function-declaration]
 clear();
 ^~~~~
../src/oled_test.c:3:1: warning: implicit declaration of function 'print_message' [-Wimplicit-function-declaration]
 print_message("Prof Hoerning",0);
 ^~~~~~~~~~~~~
Finished building: ../src/oled_test.c
 
Building target: oled_test.elf
Invoking: ARM v7 gcc linker
arm-none-eabi-gcc -mcpu=cortex-a9 -mfpu=vfpv3 -mfloat-abi=hard -Wl,-build-id=none -specs=Xilinx.spec -Wl,-T -Wl,../src/lscript.ld -L../../oled_test_bsp/ps7_cortexa9_0/lib -o "oled_test.elf"  ./src/helloworld.o ./src/oled_test.o ./src/platform.o   -Wl,--start-group,-lxil,-lgcc,-lc,--end-group
Finished building target: oled_test.elf
 
Invoking: ARM v7 Print Size
arm-none-eabi-size oled_test.elf  |tee "oled_test.elf.size"
   text	   data	    bss	    dec	    hex	filename
  30056	   1544	  23512	  55112	   d748	oled_test.elf
Finished building: oled_test.elf.size
 
19:38:57 **** Incremental Build of configuration Debug for project oled_test ****
make pre-build main-build 
a9-linaro-pre-build-step
 
Building file: ../src/oled_test.c
Invoking: ARM v7 gcc compiler
arm-none-eabi-gcc -Wall -O0 -g3 -c -fmessage-length=0 -MT"src/oled_test.o" -mcpu=cortex-a9 -mfpu=vfpv3 -mfloat-abi=hard -I../../oled_test_bsp/ps7_cortexa9_0/include -MMD -MP -MF"src/oled_test.d" -MT"src/oled_test.o" -o "src/oled_test.o" "../src/oled_test.c"
../src/oled_test.c: In function 'main':
../src/oled_test.c:3:2: warning: implicit declaration of function 'clear' [-Wimplicit-function-declaration]
  clear();
  ^~~~~
../src/oled_test.c:5:2: warning: implicit declaration of function 'print_message' [-Wimplicit-function-declaration]
  print_message("Prof Hoerning" ,0);
  ^~~~~~~~~~~~~
Finished building: ../src/oled_test.c
 
Building target: oled_test.elf
Invoking: ARM v7 gcc linker
arm-none-eabi-gcc -mcpu=cortex-a9 -mfpu=vfpv3 -mfloat-abi=hard -Wl,-build-id=none -specs=Xilinx.spec -Wl,-T -Wl,../src/lscript.ld -L../../oled_test_bsp/ps7_cortexa9_0/lib -o "oled_test.elf"  ./src/helloworld.o ./src/oled_test.o ./src/platform.o   -Wl,--start-group,-lxil,-lgcc,-lc,--end-group
Finished building target: oled_test.elf
 
Invoking: ARM v7 Print Size
arm-none-eabi-size oled_test.elf  |tee "oled_test.elf.size"
   text	   data	    bss	    dec	    hex	filename
  30060	   1544	  23512	  55116	   d74c	oled_test.elf
Finished building: oled_test.elf.size
 
19:42:57 **** Auto Build of configuration Debug for project oled_test ****
make pre-build main-build 
a9-linaro-pre-build-step
 
Building file: ../src/oled_test.c
Invoking: ARM v7 gcc compiler
arm-none-eabi-gcc -Wall -O0 -g3 -c -fmessage-length=0 -MT"src/oled_test.o" -mcpu=cortex-a9 -mfpu=vfpv3 -mfloat-abi=hard -I../../oled_test_bsp/ps7_cortexa9_0/include -MMD -MP -MF"src/oled_test.d" -MT"src/oled_test.o" -o "src/oled_test.o" "../src/oled_test.c"
../src/oled_test.c: In function 'main':
../src/oled_test.c:3:2: warning: implicit declaration of function 'clear' [-Wimplicit-function-declaration]
  clear();
  ^~~~~
../src/oled_test.c:5:2: warning: implicit declaration of function 'print_message' [-Wimplicit-function-declaration]
  print_message("Prof Hoerning" ,0);
  ^~~~~~~~~~~~~
../src/oled_test.c:10:2: warning: implicit declaration of function 'sleep' [-Wimplicit-function-declaration]
  sleep(2)
  ^~~~~
../src/oled_test.c:10:10: error: expected ';' before 'return'
  sleep(2)
          ^
          ;
  return (1);
  ~~~~~~   
make: *** [src/subdir.mk:29: src/oled_test.o] Error 1
19:44:50 **** Auto Build of configuration Debug for project oled_test ****
make pre-build main-build 
a9-linaro-pre-build-step
 
Building file: ../src/oled_test.c
Invoking: ARM v7 gcc compiler
arm-none-eabi-gcc -Wall -O0 -g3 -c -fmessage-length=0 -MT"src/oled_test.o" -mcpu=cortex-a9 -mfpu=vfpv3 -mfloat-abi=hard -I../../oled_test_bsp/ps7_cortexa9_0/include -MMD -MP -MF"src/oled_test.d" -MT"src/oled_test.o" -o "src/oled_test.o" "../src/oled_test.c"
../src/oled_test.c: In function 'main':
../src/oled_test.c:3:2: warning: implicit declaration of function 'clear' [-Wimplicit-function-declaration]
  clear();
  ^~~~~
../src/oled_test.c:5:2: warning: implicit declaration of function 'print_message' [-Wimplicit-function-declaration]
  print_message("Prof Hoerning" ,0);
  ^~~~~~~~~~~~~
../src/oled_test.c:10:2: warning: implicit declaration of function 'sleep' [-Wimplicit-function-declaration]
  sleep(2);
  ^~~~~
Finished building: ../src/oled_test.c
 
Building target: oled_test.elf
Invoking: ARM v7 gcc linker
arm-none-eabi-gcc -mcpu=cortex-a9 -mfpu=vfpv3 -mfloat-abi=hard -Wl,-build-id=none -specs=Xilinx.spec -Wl,-T -Wl,../src/lscript.ld -L../../oled_test_bsp/ps7_cortexa9_0/lib -o "oled_test.elf"  ./src/helloworld.o ./src/oled_test.o ./src/platform.o   -Wl,--start-group,-lxil,-lgcc,-lc,--end-group
Finished building target: oled_test.elf
 
Invoking: ARM v7 Print Size
arm-none-eabi-size oled_test.elf  |tee "oled_test.elf.size"
   text	   data	    bss	    dec	    hex	filename
  30316	   1544	  23512	  55372	   d84c	oled_test.elf
Finished building: oled_test.elf.size
 
19:44:55 **** Incremental Build of configuration Debug for project oled_test ****
make pre-build main-build 
a9-linaro-pre-build-step
 
make: Nothing to be done for 'main-build'.
19:47:28 **** Auto Build of configuration Debug for project oled_test ****
make pre-build main-build 
a9-linaro-pre-build-step
 
Building file: ../src/oled_test.c
Invoking: ARM v7 gcc compiler
arm-none-eabi-gcc -Wall -O0 -g3 -c -fmessage-length=0 -MT"src/oled_test.o" -mcpu=cortex-a9 -mfpu=vfpv3 -mfloat-abi=hard -I../../oled_test_bsp/ps7_cortexa9_0/include -MMD -MP -MF"src/oled_test.d" -MT"src/oled_test.o" -o "src/oled_test.o" "../src/oled_test.c"
../src/oled_test.c: In function 'main':
../src/oled_test.c:3:2: warning: implicit declaration of function 'clear' [-Wimplicit-function-declaration]
  clear();
  ^~~~~
../src/oled_test.c:5:2: warning: implicit declaration of function 'print_message' [-Wimplicit-function-declaration]
  print_message("Prof Hoerning" ,0);
  ^~~~~~~~~~~~~
../src/oled_test.c:10:2: warning: implicit declaration of function 'sleep' [-Wimplicit-function-declaration]
  sleep(1);
  ^~~~~
../src/oled_test.c:14:16: warning: unknown escape sequence: '\040'
  print_message(" /|\ ",1);
                ^~~~~~~
../src/oled_test.c:15:16: warning: unknown escape sequence: '\040'
  print_message(" / \ ",2);
                ^~~~~~~
Finished building: ../src/oled_test.c
 
Building target: oled_test.elf
Invoking: ARM v7 gcc linker
arm-none-eabi-gcc -mcpu=cortex-a9 -mfpu=vfpv3 -mfloat-abi=hard -Wl,-build-id=none -specs=Xilinx.spec -Wl,-T -Wl,../src/lscript.ld -L../../oled_test_bsp/ps7_cortexa9_0/lib -o "oled_test.elf"  ./src/helloworld.o ./src/oled_test.o ./src/platform.o   -Wl,--start-group,-lxil,-lgcc,-lc,--end-group
Finished building target: oled_test.elf
 
Invoking: ARM v7 Print Size
arm-none-eabi-size oled_test.elf  |tee "oled_test.elf.size"
   text	   data	    bss	    dec	    hex	filename
  30348	   1544	  23512	  55404	   d86c	oled_test.elf
Finished building: oled_test.elf.size
 
19:47:32 **** Incremental Build of configuration Debug for project oled_test ****
make pre-build main-build 
a9-linaro-pre-build-step
 
make: Nothing to be done for 'main-build'.
19:48:56 **** Auto Build of configuration Debug for project oled_test ****
make pre-build main-build 
a9-linaro-pre-build-step
 
Building file: ../src/oled_test.c
Invoking: ARM v7 gcc compiler
arm-none-eabi-gcc -Wall -O0 -g3 -c -fmessage-length=0 -MT"src/oled_test.o" -mcpu=cortex-a9 -mfpu=vfpv3 -mfloat-abi=hard -I../../oled_test_bsp/ps7_cortexa9_0/include -MMD -MP -MF"src/oled_test.d" -MT"src/oled_test.o" -o "src/oled_test.o" "../src/oled_test.c"
../src/oled_test.c: In function 'main':
../src/oled_test.c:3:2: warning: implicit declaration of function 'clear' [-Wimplicit-function-declaration]
  clear();
  ^~~~~
../src/oled_test.c:5:2: warning: implicit declaration of function 'print_message' [-Wimplicit-function-declaration]
  print_message("Prof Hoerning" ,0);
  ^~~~~~~~~~~~~
../src/oled_test.c:10:2: warning: implicit declaration of function 'sleep' [-Wimplicit-function-declaration]
  sleep(1);
  ^~~~~
../src/oled_test.c:14:16: warning: unknown escape sequence: '\040'
  print_message(" /|\ ",1);
                ^~~~~~~
../src/oled_test.c:15:16: warning: missing terminating " character
  print_message(" /_\ ,2);
                ^
../src/oled_test.c:15:16: error: missing terminating " character
  print_message(" /_\ ,2);
                ^~~~~~~~~~
../src/oled_test.c:16:31: error: expected ')' before ';' token
  print_message("0123456789",3);
                               ^
                               )
../src/oled_test.c:18:13: error: expected ';' before '}' token
  return (1);
             ^
             ;
 }
 ~            
make: *** [src/subdir.mk:29: src/oled_test.o] Error 1
19:49:04 **** Incremental Build of configuration Debug for project oled_test ****
make pre-build main-build 
a9-linaro-pre-build-step
 
Building file: ../src/oled_test.c
Invoking: ARM v7 gcc compiler
arm-none-eabi-gcc -Wall -O0 -g3 -c -fmessage-length=0 -MT"src/oled_test.o" -mcpu=cortex-a9 -mfpu=vfpv3 -mfloat-abi=hard -I../../oled_test_bsp/ps7_cortexa9_0/include -MMD -MP -MF"src/oled_test.d" -MT"src/oled_test.o" -o "src/oled_test.o" "../src/oled_test.c"
../src/oled_test.c: In function 'main':
../src/oled_test.c:3:2: warning: implicit declaration of function 'clear' [-Wimplicit-function-declaration]
  clear();
  ^~~~~
../src/oled_test.c:5:2: warning: implicit declaration of function 'print_message' [-Wimplicit-function-declaration]
  print_message("Prof Hoerning" ,0);
  ^~~~~~~~~~~~~
../src/oled_test.c:10:2: warning: implicit declaration of function 'sleep' [-Wimplicit-function-declaration]
  sleep(1);
  ^~~~~
../src/oled_test.c:14:16: warning: unknown escape sequence: '\040'
  print_message(" /|\ ",1);
                ^~~~~~~
../src/oled_test.c:15:16: warning: missing terminating " character
  print_message(" /_\ ,2);
                ^
../src/oled_test.c:15:16: error: missing terminating " character
  print_message(" /_\ ,2);
                ^~~~~~~~~~
../src/oled_test.c:16:31: error: expected ')' before ';' token
  print_message("0123456789",3);
                               ^
                               )
../src/oled_test.c:18:13: error: expected ';' before '}' token
  return (1);
             ^
             ;
 }
 ~            
make: *** [src/subdir.mk:29: src/oled_test.o] Error 1
19:49:27 **** Incremental Build of configuration Debug for project oled_test ****
make pre-build main-build 
a9-linaro-pre-build-step
 
Building file: ../src/oled_test.c
Invoking: ARM v7 gcc compiler
arm-none-eabi-gcc -Wall -O0 -g3 -c -fmessage-length=0 -MT"src/oled_test.o" -mcpu=cortex-a9 -mfpu=vfpv3 -mfloat-abi=hard -I../../oled_test_bsp/ps7_cortexa9_0/include -MMD -MP -MF"src/oled_test.d" -MT"src/oled_test.o" -o "src/oled_test.o" "../src/oled_test.c"
../src/oled_test.c: In function 'main':
../src/oled_test.c:3:2: warning: implicit declaration of function 'clear' [-Wimplicit-function-declaration]
  clear();
  ^~~~~
../src/oled_test.c:5:2: warning: implicit declaration of function 'print_message' [-Wimplicit-function-declaration]
  print_message("Prof Hoerning" ,0);
  ^~~~~~~~~~~~~
../src/oled_test.c:10:2: warning: implicit declaration of function 'sleep' [-Wimplicit-function-declaration]
  sleep(1);
  ^~~~~
../src/oled_test.c:14:16: warning: unknown escape sequence: '\040'
  print_message(" /|\ ",1);
                ^~~~~~~
../src/oled_test.c:15:16: warning: unknown escape sequence: '\040'
  print_message(" /_\ ",2);
                ^~~~~~~
Finished building: ../src/oled_test.c
 
Building target: oled_test.elf
Invoking: ARM v7 gcc linker
arm-none-eabi-gcc -mcpu=cortex-a9 -mfpu=vfpv3 -mfloat-abi=hard -Wl,-build-id=none -specs=Xilinx.spec -Wl,-T -Wl,../src/lscript.ld -L../../oled_test_bsp/ps7_cortexa9_0/lib -o "oled_test.elf"  ./src/helloworld.o ./src/oled_test.o ./src/platform.o   -Wl,--start-group,-lxil,-lgcc,-lc,--end-group
Finished building target: oled_test.elf
 
Invoking: ARM v7 Print Size
arm-none-eabi-size oled_test.elf  |tee "oled_test.elf.size"
   text	   data	    bss	    dec	    hex	filename
  30348	   1544	  23512	  55404	   d86c	oled_test.elf
Finished building: oled_test.elf.size
 
19:50:01 **** Incremental Build of configuration Debug for project oled_test ****
make pre-build main-build 
a9-linaro-pre-build-step
 
Building file: ../src/oled_test.c
Invoking: ARM v7 gcc compiler
arm-none-eabi-gcc -Wall -O0 -g3 -c -fmessage-length=0 -MT"src/oled_test.o" -mcpu=cortex-a9 -mfpu=vfpv3 -mfloat-abi=hard -I../../oled_test_bsp/ps7_cortexa9_0/include -MMD -MP -MF"src/oled_test.d" -MT"src/oled_test.o" -o "src/oled_test.o" "../src/oled_test.c"
../src/oled_test.c: In function 'main':
../src/oled_test.c:3:2: warning: implicit declaration of function 'clear' [-Wimplicit-function-declaration]
  clear();
  ^~~~~
../src/oled_test.c:5:2: warning: implicit declaration of function 'print_message' [-Wimplicit-function-declaration]
  print_message("Prof Hoerning" ,0);
  ^~~~~~~~~~~~~
../src/oled_test.c:10:2: warning: implicit declaration of function 'sleep' [-Wimplicit-function-declaration]
  sleep(3);
  ^~~~~
Finished building: ../src/oled_test.c
 
Building target: oled_test.elf
Invoking: ARM v7 gcc linker
arm-none-eabi-gcc -mcpu=cortex-a9 -mfpu=vfpv3 -mfloat-abi=hard -Wl,-build-id=none -specs=Xilinx.spec -Wl,-T -Wl,../src/lscript.ld -L../../oled_test_bsp/ps7_cortexa9_0/lib -o "oled_test.elf"  ./src/helloworld.o ./src/oled_test.o ./src/platform.o   -Wl,--start-group,-lxil,-lgcc,-lc,--end-group
Finished building target: oled_test.elf
 
Invoking: ARM v7 Print Size
arm-none-eabi-size oled_test.elf  |tee "oled_test.elf.size"
   text	   data	    bss	    dec	    hex	filename
  30348	   1544	  23512	  55404	   d86c	oled_test.elf
Finished building: oled_test.elf.size
 
19:52:09 **** Incremental Build of configuration Debug for project oled_test ****
make pre-build main-build 
a9-linaro-pre-build-step
 
Building file: ../src/oled_test.c
Invoking: ARM v7 gcc compiler
arm-none-eabi-gcc -Wall -O0 -g3 -c -fmessage-length=0 -MT"src/oled_test.o" -mcpu=cortex-a9 -mfpu=vfpv3 -mfloat-abi=hard -I../../oled_test_bsp/ps7_cortexa9_0/include -MMD -MP -MF"src/oled_test.d" -MT"src/oled_test.o" -o "src/oled_test.o" "../src/oled_test.c"
../src/oled_test.c: In function 'main':
../src/oled_test.c:3:2: warning: implicit declaration of function 'clear' [-Wimplicit-function-declaration]
  clear();
  ^~~~~
../src/oled_test.c:5:2: warning: implicit declaration of function 'print_message' [-Wimplicit-function-declaration]
  print_message("Prof Hoerning" ,0);
  ^~~~~~~~~~~~~
../src/oled_test.c:10:2: warning: implicit declaration of function 'sleep' [-Wimplicit-function-declaration]
  sleep(3);
  ^~~~~
Finished building: ../src/oled_test.c
 
Building target: oled_test.elf
Invoking: ARM v7 gcc linker
arm-none-eabi-gcc -mcpu=cortex-a9 -mfpu=vfpv3 -mfloat-abi=hard -Wl,-build-id=none -specs=Xilinx.spec -Wl,-T -Wl,../src/lscript.ld -L../../oled_test_bsp/ps7_cortexa9_0/lib -o "oled_test.elf"  ./src/helloworld.o ./src/oled_test.o ./src/platform.o   -Wl,--start-group,-lxil,-lgcc,-lc,--end-group
Finished building target: oled_test.elf
 
Invoking: ARM v7 Print Size
arm-none-eabi-size oled_test.elf  |tee "oled_test.elf.size"
   text	   data	    bss	    dec	    hex	filename
  30348	   1544	  23512	  55404	   d86c	oled_test.elf
Finished building: oled_test.elf.size
 
